Archive member included to satisfy reference by file (symbol)

C:/ST/STM32CubeIDE_1.13.1/STM32CubeIDE/plugins/com.st.stm32cube.ide.mcu.externaltools.gnu-tools-for-stm32.12.3.rel1.win32_1.0.200.202406191623/tools/bin/../lib/gcc/arm-none-eabi/12.3.1/../../../../arm-none-eabi/lib/thumb/v7e-m+fp/hard\libc_nano.a(libc_a-exit.o)
                              C:/ST/STM32CubeIDE_1.13.1/STM32CubeIDE/plugins/com.st.stm32cube.ide.mcu.externaltools.gnu-tools-for-stm32.12.3.rel1.win32_1.0.200.202406191623/tools/bin/../lib/gcc/arm-none-eabi/12.3.1/../../../../arm-none-eabi/lib/thumb/v7e-m+fp/hard/crt0.o (exit)
C:/ST/STM32CubeIDE_1.13.1/STM32CubeIDE/plugins/com.st.stm32cube.ide.mcu.externaltools.gnu-tools-for-stm32.12.3.rel1.win32_1.0.200.202406191623/tools/bin/../lib/gcc/arm-none-eabi/12.3.1/../../../../arm-none-eabi/lib/thumb/v7e-m+fp/hard\libc_nano.a(libc_a-findfp.o)
                              C:/ST/STM32CubeIDE_1.13.1/STM32CubeIDE/plugins/com.st.stm32cube.ide.mcu.externaltools.gnu-tools-for-stm32.12.3.rel1.win32_1.0.200.202406191623/tools/bin/../lib/gcc/arm-none-eabi/12.3.1/../../../../arm-none-eabi/lib/thumb/v7e-m+fp/hard\libc_nano.a(libc_a-exit.o) (__stdio_exit_handler)
C:/ST/STM32CubeIDE_1.13.1/STM32CubeIDE/plugins/com.st.stm32cube.ide.mcu.externaltools.gnu-tools-for-stm32.12.3.rel1.win32_1.0.200.202406191623/tools/bin/../lib/gcc/arm-none-eabi/12.3.1/../../../../arm-none-eabi/lib/thumb/v7e-m+fp/hard\libc_nano.a(libc_a-fwalk.o)
                              C:/ST/STM32CubeIDE_1.13.1/STM32CubeIDE/plugins/com.st.stm32cube.ide.mcu.externaltools.gnu-tools-for-stm32.12.3.rel1.win32_1.0.200.202406191623/tools/bin/../lib/gcc/arm-none-eabi/12.3.1/../../../../arm-none-eabi/lib/thumb/v7e-m+fp/hard\libc_nano.a(libc_a-findfp.o) (_fwalk_sglue)
C:/ST/STM32CubeIDE_1.13.1/STM32CubeIDE/plugins/com.st.stm32cube.ide.mcu.externaltools.gnu-tools-for-stm32.12.3.rel1.win32_1.0.200.202406191623/tools/bin/../lib/gcc/arm-none-eabi/12.3.1/../../../../arm-none-eabi/lib/thumb/v7e-m+fp/hard\libc_nano.a(libc_a-snprintf.o)
                              ./Core/Src/main.o (snprintf)
C:/ST/STM32CubeIDE_1.13.1/STM32CubeIDE/plugins/com.st.stm32cube.ide.mcu.externaltools.gnu-tools-for-stm32.12.3.rel1.win32_1.0.200.202406191623/tools/bin/../lib/gcc/arm-none-eabi/12.3.1/../../../../arm-none-eabi/lib/thumb/v7e-m+fp/hard\libc_nano.a(libc_a-sprintf.o)
                              ./Core/Src/main.o (sprintf)
C:/ST/STM32CubeIDE_1.13.1/STM32CubeIDE/plugins/com.st.stm32cube.ide.mcu.externaltools.gnu-tools-for-stm32.12.3.rel1.win32_1.0.200.202406191623/tools/bin/../lib/gcc/arm-none-eabi/12.3.1/../../../../arm-none-eabi/lib/thumb/v7e-m+fp/hard\libc_nano.a(libc_a-stdio.o)
                              C:/ST/STM32CubeIDE_1.13.1/STM32CubeIDE/plugins/com.st.stm32cube.ide.mcu.externaltools.gnu-tools-for-stm32.12.3.rel1.win32_1.0.200.202406191623/tools/bin/../lib/gcc/arm-none-eabi/12.3.1/../../../../arm-none-eabi/lib/thumb/v7e-m+fp/hard\libc_nano.a(libc_a-findfp.o) (__sread)
C:/ST/STM32CubeIDE_1.13.1/STM32CubeIDE/plugins/com.st.stm32cube.ide.mcu.externaltools.gnu-tools-for-stm32.12.3.rel1.win32_1.0.200.202406191623/tools/bin/../lib/gcc/arm-none-eabi/12.3.1/../../../../arm-none-eabi/lib/thumb/v7e-m+fp/hard\libc_nano.a(libc_a-memset.o)
                              C:/ST/STM32CubeIDE_1.13.1/STM32CubeIDE/plugins/com.st.stm32cube.ide.mcu.externaltools.gnu-tools-for-stm32.12.3.rel1.win32_1.0.200.202406191623/tools/bin/../lib/gcc/arm-none-eabi/12.3.1/../../../../arm-none-eabi/lib/thumb/v7e-m+fp/hard/crt0.o (memset)
C:/ST/STM32CubeIDE_1.13.1/STM32CubeIDE/plugins/com.st.stm32cube.ide.mcu.externaltools.gnu-tools-for-stm32.12.3.rel1.win32_1.0.200.202406191623/tools/bin/../lib/gcc/arm-none-eabi/12.3.1/../../../../arm-none-eabi/lib/thumb/v7e-m+fp/hard\libc_nano.a(libc_a-strncpy.o)
                              ./Core/Src/main.o (strncpy)
C:/ST/STM32CubeIDE_1.13.1/STM32CubeIDE/plugins/com.st.stm32cube.ide.mcu.externaltools.gnu-tools-for-stm32.12.3.rel1.win32_1.0.200.202406191623/tools/bin/../lib/gcc/arm-none-eabi/12.3.1/../../../../arm-none-eabi/lib/thumb/v7e-m+fp/hard\libc_nano.a(libc_a-closer.o)
                              C:/ST/STM32CubeIDE_1.13.1/STM32CubeIDE/plugins/com.st.stm32cube.ide.mcu.externaltools.gnu-tools-for-stm32.12.3.rel1.win32_1.0.200.202406191623/tools/bin/../lib/gcc/arm-none-eabi/12.3.1/../../../../arm-none-eabi/lib/thumb/v7e-m+fp/hard\libc_nano.a(libc_a-stdio.o) (_close_r)
C:/ST/STM32CubeIDE_1.13.1/STM32CubeIDE/plugins/com.st.stm32cube.ide.mcu.externaltools.gnu-tools-for-stm32.12.3.rel1.win32_1.0.200.202406191623/tools/bin/../lib/gcc/arm-none-eabi/12.3.1/../../../../arm-none-eabi/lib/thumb/v7e-m+fp/hard\libc_nano.a(libc_a-reent.o)
                              C:/ST/STM32CubeIDE_1.13.1/STM32CubeIDE/plugins/com.st.stm32cube.ide.mcu.externaltools.gnu-tools-for-stm32.12.3.rel1.win32_1.0.200.202406191623/tools/bin/../lib/gcc/arm-none-eabi/12.3.1/../../../../arm-none-eabi/lib/thumb/v7e-m+fp/hard\libc_nano.a(libc_a-closer.o) (errno)
[...]
Memory Configuration

Name             Origin             Length             Attributes
CCMRAM           0x10000000         0x00010000         xrw
RAM              0x20000000         0x00020000         xrw
FLASH            0x08000000         0x00080000         xr
*default*        0x00000000         0xffffffff

Linker script and memory map

LOAD C:/ST/STM32CubeIDE_1.13.1/STM32CubeIDE/plugins/com.st.stm32cube.ide.mcu.externaltools.gnu-tools-for-stm32.12.3.rel1.win32_1.0.200.202406191623/tools/bin/../lib/gcc/arm-none-eabi/12.3.1/thumb/v7e-m+fp/hard/crti.o
LOAD C:/ST/STM32CubeIDE_1.13.1/STM32CubeIDE/plugins/com.st.stm32cube.ide.mcu.externaltools.gnu-tools-for-stm32.12.3.rel1.win32_1.0.200.202406191623/tools/bin/../lib/gcc/arm-none-eabi/12.3.1/thumb/v7e-m+fp/hard/crtbegin.o
LOAD C:/ST/STM32CubeIDE_1.13.1/STM32CubeIDE/plugins/com.st.stm32cube.ide.mcu.externaltools.gnu-tools-for-stm32.12.3.rel1.win32_1.0.200.202406191623/tools/bin/../lib/gcc/arm-none-eabi/12.3.1/../../../../arm-none-eabi/lib/thumb/v7e-m+fp/hard/crt0.o
LOAD ./Core/Src/freertos.o
LOAD ./Core/Src/main.o
LOAD ./Core/Src/oled.o
LOAD ./Core/Src/stm32f4xx_hal_msp.o
LOAD ./Core/Src/stm32f4xx_it.o
LOAD ./Core/Src/syscalls.o
LOAD ./Core/Src/sysmem.o
LOAD ./Core/Src/system_stm32f4xx.o
LOAD ./Core/Startup/startup_stm32f407vetx.o
LOAD ./Drivers/STM32F4xx_HAL_Driver/Src/stm32f4xx_hal.o
LOAD ./Drivers/STM32F4xx_HAL_Driver/Src/stm32f4xx_hal_adc.o
LOAD ./Drivers/STM32F4xx_HAL_Driver/Src/stm32f4xx_hal_adc_ex.o
LOAD ./Drivers/STM32F4xx_HAL_Driver/Src/stm32f4xx_hal_cortex.o
LOAD ./Drivers/STM32F4xx_HAL_Driver/Src/stm32f4xx_hal_dma.o
LOAD ./Drivers/STM32F4xx_HAL_Driver/Src/stm32f4xx_hal_dma_ex.o
LOAD ./Drivers/STM32F4xx_HAL_Driver/Src/stm32f4xx_hal_exti.o
LOAD ./Drivers/STM32F4xx_HAL_Driver/Src/stm32f4xx_hal_flash.o
LOAD ./Drivers/STM32F4xx_HAL_Driver/Src/stm32f4xx_hal_flash_ex.o
LOAD ./Drivers/STM32F4xx_HAL_Driver/Src/stm32f4xx_hal_flash_ramfunc.o
LOAD ./Drivers/STM32F4xx_HAL_Driver/Src/stm32f4xx_hal_gpio.o
LOAD ./Drivers/STM32F4xx_HAL_Driver/Src/stm32f4xx_hal_i2c.o
LOAD ./Drivers/STM32F4xx_HAL_Driver/Src/stm32f4xx_hal_i2c_ex.o
LOAD ./Drivers/STM32F4xx_HAL_Driver/Src/stm32f4xx_hal_iwdg.o
LOAD ./Drivers/STM32F4xx_HAL_Driver/Src/stm32f4xx_hal_pwr.o
LOAD ./Drivers/STM32F4xx_HAL_Driver/Src/stm32f4xx_hal_pwr_ex.o
LOAD ./Drivers/STM32F4xx_HAL_Driver/Src/stm32f4xx_hal_rcc.o
LOAD ./Drivers/STM32F4xx_HAL_Driver/Src/stm32f4xx_hal_rcc_ex.o
LOAD ./Drivers/STM32F4xx_HAL_Driver/Src/stm32f4xx_hal_tim.o
LOAD ./Drivers/STM32F4xx_HAL_Driver/Src/stm32f4xx_hal_tim_ex.o
LOAD ./Drivers/STM32F4xx_HAL_Driver/Src/stm32f4xx_hal_uart.o
LOAD ./Drivers/STM32F4xx_HAL_Driver/Src/stm32f4xx_ll_adc.o
LOAD ./Middlewares/Third_Party/FreeRTOS/Source/CMSIS_RTOS_V2/cmsis_os2.o
LOAD ./Middlewares/Third_Party/FreeRTOS/Source/croutine.o
LOAD ./Middlewares/Third_Party/FreeRTOS/Source/event_groups.o
LOAD ./Middlewares/Third_Party/FreeRTOS/Source/list.o
LOAD ./Middlewares/Third_Party/FreeRTOS/Source/queue.o
LOAD ./Middlewares/Third_Party/FreeRTOS/Source/stream_buffer.o
LOAD ./Middlewares/Third_Party/FreeRTOS/Source/tasks.o
LOAD ./Middlewares/Third_Party/FreeRTOS/Source/timers.o
LOAD ./Middlewares/Third_Party/FreeRTOS/Source/portable/GCC/ARM_CM4F/port.o
LOAD ./Middlewares/Third_Party/FreeRTOS/Source/portable/MemMang/heap_4.o
START GROUP
LOAD C:/ST/STM32CubeIDE_1.13.1/STM32CubeIDE/plugins/com.st.stm32cube.ide.mcu.externaltools.gnu-tools-for-stm32.12.3.rel1.win32_1.0.200.202406191623/tools/bin/../lib/gcc/arm-none-eabi/12.3.1/../../../../arm-none-eabi/lib/thumb/v7e-m+fp/hard\libc_nano.a
LOAD C:/ST/STM32CubeIDE_1.13.1/STM32CubeIDE/plugins/com.st.stm32cube.ide.mcu.externaltools.gnu-tools-for-stm32.12.3.rel1.win32_1.0.200.202406191623/tools/bin/../lib/gcc/arm-none-eabi/12.3.1/../../../../arm-none-eabi/lib/thumb/v7e-m+fp/hard\libm.a
END GROUP
START GROUP
LOAD C:/ST/STM32CubeIDE_1.13.1/STM32CubeIDE/plugins/com.st.stm32cube.ide.mcu.externaltools.gnu-tools-for-stm32.12.3.rel1.win32_1.0.200.202406191623/tools/bin/../lib/gcc/arm-none-eabi/12.3.1/thumb/v7e-m+fp/hard\libgcc.a
LOAD C:/ST/STM32CubeIDE_1.13.1/STM32CubeIDE/plugins/com.st.stm32cube.ide.mcu.externaltools.gnu-tools-for-stm32.12.3.rel1.win32_1.0.200.202406191623/tools/bin/../lib/gcc/arm-none-eabi/12.3.1/../../../../arm-none-eabi/lib/thumb/v7e-m+fp/hard\libc_nano.a
END GROUP
START GROUP
LOAD C:/ST/STM32CubeIDE_1.13.1/STM32CubeIDE/plugins/com.st.stm32cube.ide.mcu.externaltools.gnu-tools-for-stm32.12.3.rel1.win32_1.0.200.202406191623/tools/bin/../lib/gcc/arm-none-eabi/12.3.1/thumb/v7e-m+fp/hard\libgcc.a
LOAD C:/ST/STM32CubeIDE_1.13.1/STM32CubeIDE/plugins/com.st.stm32cube.ide.mcu.externaltools.gnu-tools-for-stm32.12.3.rel1.win32_1.0.200.202406191623/tools/bin/../lib/gcc/arm-none-eabi/12.3.1/../../../../arm-none-eabi/lib/thumb/v7e-m+fp/hard\libc_nano.a
LOAD C:/ST/STM32CubeIDE_1.13.1/STM32CubeIDE/plugins/com.st.stm32cube.ide.mcu.externaltools.gnu-tools-for-stm32.12.3.rel1.win32_1.0.200.202406191623/tools/bin/../lib/gcc/arm-none-eabi/12.3.1/../../../../arm-none-eabi/lib/thumb/v7e-m+fp/hard\libnosys.a
END GROUP
START GROUP
LOAD C:/ST/STM32CubeIDE_1.13.1/STM32CubeIDE/plugins/com.st.stm32cube.ide.mcu.externaltools.gnu-tools-for-stm32.12.3.rel1.win32_1.0.200.202406191623/tools/bin/../lib/gcc/arm-none-eabi/12.3.1/thumb/v7e-m+fp/hard\libgcc.a
LOAD C:/ST/STM32CubeIDE_1.13.1/STM32CubeIDE/plugins/com.st.stm32cube.ide.mcu.externaltools.gnu-tools-for-stm32.12.3.rel1.win32_1.0.200.202406191623/tools/bin/../lib/gcc/arm-none-eabi/12.3.1/../../../../arm-none-eabi/lib/thumb/v7e-m+fp/hard\libc_nano.a
LOAD C:/ST/STM32CubeIDE_1.13.1/STM32CubeIDE/plugins/com.st.stm32cube.ide.mcu.externaltools.gnu-tools-for-stm32.12.3.rel1.win32_1.0.200.202406191623/tools/bin/../lib/gcc/arm-none-eabi/12.3.1/../../../../arm-none-eabi/lib/thumb/v7e-m+fp/hard\libnosys.a
END GROUP
LOAD C:/ST/STM32CubeIDE_1.13.1/STM32CubeIDE/plugins/com.st.stm32cube.ide.mcu.externaltools.gnu-tools-for-stm32.12.3.rel1.win32_1.0.200.202406191623/tools/bin/../lib/gcc/arm-none-eabi/12.3.1/thumb/v7e-m+fp/hard/crtend.o
LOAD C:/ST/STM32CubeIDE_1.13.1/STM32CubeIDE/plugins/com.st.stm32cube.ide.mcu.externaltools.gnu-tools-for-stm32.12.3.rel1.win32_1.0.200.202406191623/tools/bin/../lib/gcc/arm-none-eabi/12.3.1/thumb/v7e-m+fp/hard/crtn.o
                0x20020000                        _estack = (ORIGIN (RAM) + LENGTH (RAM))
                0x00000200                        _Min_Heap_Size = 0x200
                0x00000400                        _Min_Stack_Size = 0x400

.isr_vector     0x08000000      0x188
                0x08000000                        . = ALIGN (0x4)
 *(.isr_vector)
 .isr_vector    0x08000000      0x188 ./Core/Startup/startup_stm32f407vetx.o
                0x08000000                g_pfnVectors
                0x08000188                        . = ALIGN (0x4)

.text           0x08000190     0xdb50
                0x08000190                        . = ALIGN (0x4)
 *(.text)
 .text          0x08000190       0x40 C:/ST/STM32CubeIDE_1.13.1/STM32CubeIDE/plugins/com.st.stm32cube.ide.mcu.externaltools.gnu-tools-for-stm32.12.3.rel1.win32_1.0.200.202406191623/tools/bin/../lib/gcc/arm-none-eabi/12.3.1/thumb/v7e-m+fp/hard/crtbegin.o
 .text          0x080001d0       0x14 C:/ST/STM32CubeIDE_1.13.1/STM32CubeIDE/plugins/com.st.stm32cube.ide.mcu.externaltools.gnu-tools-for-stm32.12.3.rel1.win32_1.0.200.202406191623/tools/bin/../lib/gcc/arm-none-eabi/12.3.1/../../../../arm-none-eabi/lib/thumb/v7e-m+fp/hard\libc_nano.a(libc_a-strcmp.o)
                0x080001d0                strcmp
 *fill*         0x080001e4        0xc 
 .text          0x080001f0       0xa0 C:/ST/STM32CubeIDE_1.13.1/STM32CubeIDE/plugins/com.st.stm32cube.ide.mcu.externaltools.gnu-tools-for-stm32.12.3.rel1.win32_1.0.200.202406191623/tools/bin/../lib/gcc/arm-none-eabi/12.3.1/../../../../arm-none-eabi/lib/thumb/v7e-m+fp/hard\libc_nano.a(libc_a-memchr.o)
                0x080001f0                memchr
 .text          0x08000290      0x378 C:/ST/STM32CubeIDE_1.13.1/STM32CubeIDE/plugins/com.st.stm32cube.ide.mcu.externaltools.gnu-tools-for-stm32.12.3.rel1.win32_1.0.200.202406191623/tools/bin/../lib/gcc/arm-none-eabi/12.3.1/thumb/v7e-m+fp/hard\libgcc.a(_arm_addsubdf3.o)
                0x08000290                __aeabi_drsub
                0x08000298                __aeabi_dsub
                0x08000298                __subdf3
                0x0800029c                __aeabi_dadd
                0x0800029c                __adddf3
                0x08000514                __floatunsidf
                0x08000514                __aeabi_ui2d
                0x08000534                __floatsidf
                0x08000534                __aeabi_i2d
                0x08000558                __aeabi_f2d
                0x08000558                __extendsfdf2
                0x0800059c                __floatundidf
                0x0800059c                __aeabi_ul2d
                0x080005ac                __floatdidf
                0x080005ac                __aeabi_l2d
 .text          0x08000608      0x424 C:/ST/STM32CubeIDE_1.13.1/STM32CubeIDE/plugins/com.st.stm32cube.ide.mcu.externaltools.gnu-tools-for-stm32.12.3.rel1.win32_1.0.200.202406191623/tools/bin/../lib/gcc/arm-none-eabi/12.3.1/thumb/v7e-m+fp/hard\libgcc.a(_arm_muldivdf3.o)
                0x08000608                __aeabi_dmul
                0x08000608                __muldf3
                0x0800085c                __divdf3
                0x0800085c                __aeabi_ddiv
 .text          0x08000a2c      0x110 C:/ST/STM32CubeIDE_1.13.1/STM32CubeIDE/plugins/com.st.stm32cube.ide.mcu.externaltools.gnu-tools-for-stm32.12.3.rel1.win32_1.0.200.202406191623/tools/bin/../lib/gcc/arm-none-eabi/12.3.1/thumb/v7e-m+fp/hard\libgcc.a(_arm_cmpdf2.o)
                0x08000a2c                __gtdf2
                0x08000a2c                __gedf2
                0x08000a34                __ltdf2
                0x08000a34                __ledf2
                0x08000a3c                __nedf2
                0x08000a3c                __eqdf2
                0x08000a3c                __cmpdf2
                0x08000ab8                __aeabi_cdrcmple
                0x08000ac8                __aeabi_cdcmpeq
                0x08000ac8                __aeabi_cdcmple
                0x08000ad8                __aeabi_dcmpeq
                0x08000aec                __aeabi_dcmplt
                0x08000b00                __aeabi_dcmple
                0x08000b14                __aeabi_dcmpge
                0x08000b28                __aeabi_dcmpgt
 .text          0x08000b3c       0x50 C:/ST/STM32CubeIDE_1.13.1/STM32CubeIDE/plugins/com.st.stm32cube.ide.mcu.externaltools.gnu-tools-for-stm32.12.3.rel1.win32_1.0.200.202406191623/tools/bin/../lib/gcc/arm-none-eabi/12.3.1/thumb/v7e-m+fp/hard\libgcc.a(_arm_fixdfsi.o)
                0x08000b3c                __aeabi_d2iz
                0x08000b3c                __fixdfsi
 .text          0x08000b8c       0x40 C:/ST/STM32CubeIDE_1.13.1/STM32CubeIDE/plugins/com.st.stm32cube.ide.mcu.externaltools.gnu-tools-for-stm32.12.3.rel1.win32_1.0.200.202406191623/tools/bin/../lib/gcc/arm-none-eabi/12.3.1/thumb/v7e-m+fp/hard\libgcc.a(_arm_fixunsdfsi.o)
                0x08000b8c                __aeabi_d2uiz
                0x08000b8c                __fixunsdfsi
 .text          0x08000bcc       0xa0 C:/ST/STM32CubeIDE_1.13.1/STM32CubeIDE/plugins/com.st.stm32cube.ide.mcu.externaltools.gnu-tools-for-stm32.12.3.rel1.win32_1.0.200.202406191623/tools/bin/../lib/gcc/arm-none-eabi/12.3.1/thumb/v7e-m+fp/hard\libgcc.a(_arm_truncdfsf2.o)
                0x08000bcc                __truncdfsf2
                0x08000bcc                __aeabi_d2f
 .text          0x08000c6c       0x30 C:/ST/STM32CubeIDE_1.13.1/STM32CubeIDE/plugins/com.st.stm32cube.ide.mcu.externaltools.gnu-tools-for-stm32.12.3.rel1.win32_1.0.200.202406191623/tools/bin/../lib/gcc/arm-none-eabi/12.3.1/thumb/v7e-m+fp/hard\libgcc.a(_aeabi_uldivmod.o)
                0x08000c6c                __aeabi_uldivmod
 .text          0x08000c9c      0x2bc C:/ST/STM32CubeIDE_1.13.1/STM32CubeIDE/plugins/com.st.stm32cube.ide.mcu.externaltools.gnu-tools-for-stm32.12.3.rel1.win32_1.0.200.202406191623/tools/bin/../lib/gcc/arm-none-eabi/12.3.1/thumb/v7e-m+fp/hard\libgcc.a(_udivmoddi4.o)
                0x08000c9c                __udivmoddi4
 .text          0x08000f58        0x4 C:/ST/STM32CubeIDE_1.13.1/STM32CubeIDE/plugins/com.st.stm32cube.ide.mcu.externaltools.gnu-tools-for-stm32.12.3.rel1.win32_1.0.200.202406191623/tools/bin/../lib/gcc/arm-none-eabi/12.3.1/thumb/v7e-m+fp/hard\libgcc.a(_dvmd_tls.o)
                0x08000f58                __aeabi_idiv0
                0x08000f58                __aeabi_ldiv0
 *(.text*)
 .text.SendFeedBack
                0x08000f5c       0x64 ./Core/Src/main.o
                0x08000f5c                SendFeedBack
 .text.HAL_GPIO_EXTI_Callback
                0x08000fc0       0x44 ./Core/Src/main.o
                0x08000fc0                HAL_GPIO_EXTI_Callback
 *fill*         0x08001004        0x4 
 .text.HAL_TIM_IC_CaptureCallback
                0x08001008      0x1b8 ./Core/Src/main.o
                0x08001008                HAL_TIM_IC_CaptureCallback
 .text.delay    0x080011c0       0x34 ./Core/Src/main.o
                0x080011c0                delay
 .text.HCSR04_Read
                0x080011f4       0x3c ./Core/Src/main.o
                0x080011f4                HCSR04_Read
 .text.readByte
                0x08001230       0x54 ./Core/Src/main.o
                0x08001230                readByte
 .text.writeByte
                0x08001284       0x48 ./Core/Src/main.o
                0x08001284                writeByte
 .text.gyroInit
                0x080012cc       0x86 ./Core/Src/main.o
                0x080012cc                gyroInit
 *fill*         0x08001352        0x2 
 .text.StartPMWVal
                0x08001354       0x30 ./Core/Src/main.o
                0x08001354                StartPMWVal
 .text.SetPinReverse
                0x08001384       0x3c ./Core/Src/main.o
                0x08001384                SetPinReverse
 .text.SetPinForward
                0x080013c0       0x3c ./Core/Src/main.o
                0x080013c0                SetPinForward
 .text.SetPinStop
                0x080013fc       0x3c ./Core/Src/main.o
                0x080013fc                SetPinStop
 .text.ResetValues
                0x08001438       0x80 ./Core/Src/main.o
                0x08001438                ResetValues
 .text.ResetFT  0x080014b8       0x40 ./Core/Src/main.o
                0x080014b8                ResetFT
 .text.ResetBT  0x080014f8       0x40 ./Core/Src/main.o
                0x080014f8                ResetBT
 .text.CalculateDist
                0x08001538       0x54 ./Core/Src/main.o
                0x08001538                CalculateDist
 .text.CalcPIDA_Dist
                0x0800158c      0x17c ./Core/Src/main.o
                0x0800158c                CalcPIDA_Dist
 .text.CalcPIDB_Dist
                0x08001708      0x1e4 ./Core/Src/main.o
                0x08001708                CalcPIDB_Dist
 .text.ServoCorrection
                0x080018ec      0x100 ./Core/Src/main.o
                0x080018ec                ServoCorrection
 .text.main     0x080019ec      0x1e0 ./Core/Src/main.o
                0x080019ec                main
 .text.SystemClock_Config
                0x08001bcc       0xc0 ./Core/Src/main.o
                0x08001bcc                SystemClock_Config
 .text.MX_ADC2_Init
                0x08001c8c       0xa4 ./Core/Src/main.o
 .text.MX_ADC3_Init
                0x08001d30       0xa4 ./Core/Src/main.o
 .text.MX_I2C1_Init
                0x08001dd4       0x5c ./Core/Src/main.o
 .text.MX_IWDG_Init
                0x08001e30       0x34 ./Core/Src/main.o
 .text.MX_TIM1_Init
                0x08001e64      0x13c ./Core/Src/main.o
 .text.MX_TIM2_Init
                0x08001fa0       0xa8 ./Core/Src/main.o
 .text.MX_TIM4_Init
                0x08002048       0xe0 ./Core/Src/main.o
 .text.MX_TIM5_Init
                0x08002128       0xa8 ./Core/Src/main.o
 .text.MX_TIM8_Init
                0x080021d0      0x16c ./Core/Src/main.o
 .text.MX_USART3_UART_Init
                0x0800233c       0x54 ./Core/Src/main.o
 .text.MX_GPIO_Init
                0x08002390      0x1a0 ./Core/Src/main.o
 .text.HAL_UART_RxCpltCallback
                0x08002530      0x1f0 ./Core/Src/main.o
                0x08002530                HAL_UART_RxCpltCallback
 .text.StartDefaultTask
                0x08002720       0x94 ./Core/Src/main.o
                0x08002720                StartDefaultTask
 *fill*         0x080027b4        0x4 
 .text.DCMotor_task
                0x080027b8     0x140c ./Core/Src/main.o
                0x080027b8                DCMotor_task
 .text.RefreshOLED_task
                0x08003bc4       0x7c ./Core/Src/main.o
                0x08003bc4                RefreshOLED_task
 .text.EncoderMotorA_task
                0x08003c40      0x178 ./Core/Src/main.o
                0x08003c40                EncoderMotorA_task
 .text.EncoderMotorB_task
                0x08003db8       0xf8 ./Core/Src/main.o
                0x08003db8                EncoderMotorB_task
 .text.UART_Command_RX_task
                0x08003eb0      0x6c8 ./Core/Src/main.o
                0x08003eb0                UART_Command_RX_task
 .text.Gyro     0x08004578      0x22c ./Core/Src/main.o
                0x08004578                Gyro
 .text.IRsensor
                0x080047a4        0xc ./Core/Src/main.o
                0x080047a4                IRsensor
 .text.Testing  0x080047b0       0x34 ./Core/Src/main.o
                0x080047b0                Testing
 .text.task2    0x080047e4      0x1ec ./Core/Src/main.o
                0x080047e4                task2
 .text.Error_Handler
                0x080049d0        0xc ./Core/Src/main.o
                0x080049d0                Error_Handler
 .text.OLED_Refresh_Gram
                0x080049dc       0x70 ./Core/Src/oled.o
                0x080049dc                OLED_Refresh_Gram
 .text.OLED_WR_Byte
                0x08004a4c       0x94 ./Core/Src/oled.o
                0x08004a4c                OLED_WR_Byte
 .text.OLED_Clear
                0x08004ae0       0x4c ./Core/Src/oled.o
                0x08004ae0                OLED_Clear
 .text.OLED_DrawPoint
                0x08004b2c       0xb4 ./Core/Src/oled.o
                0x08004b2c                OLED_DrawPoint
 .text.OLED_ShowChar
                0x08004be0       0xe4 ./Core/Src/oled.o
                0x08004be0                OLED_ShowChar
 .text.OLED_ShowString
                0x08004cc4       0x64 ./Core/Src/oled.o
                0x08004cc4                OLED_ShowString
 .text.OLED_Init
                0x08004d28      0x118 ./Core/Src/oled.o
                0x08004d28                OLED_Init
 .text.HAL_MspInit
                0x08004e40       0x58 ./Core/Src/stm32f4xx_hal_msp.o
                0x08004e40                HAL_MspInit
 .text.HAL_ADC_MspInit
                0x08004e98       0xe8 ./Core/Src/stm32f4xx_hal_msp.o
                0x08004e98                HAL_ADC_MspInit
 .text.HAL_I2C_MspInit
                0x08004f80       0x90 ./Core/Src/stm32f4xx_hal_msp.o
                0x08004f80                HAL_I2C_MspInit
 .text.HAL_TIM_Base_MspInit
                0x08005010      0x13c ./Core/Src/stm32f4xx_hal_msp.o
                0x08005010                HAL_TIM_Base_MspInit
 .text.HAL_TIM_Encoder_MspInit
                0x0800514c      0x134 ./Core/Src/stm32f4xx_hal_msp.o
                0x0800514c                HAL_TIM_Encoder_MspInit
 .text.HAL_TIM_MspPostInit
                0x08005280       0x74 ./Core/Src/stm32f4xx_hal_msp.o
                0x08005280                HAL_TIM_MspPostInit
 .text.HAL_UART_MspInit
                0x080052f4       0xa0 ./Core/Src/stm32f4xx_hal_msp.o
                0x080052f4                HAL_UART_MspInit
 .text.NMI_Handler
                0x08005394        0x8 ./Core/Src/stm32f4xx_it.o
                0x08005394                NMI_Handler
 .text.HardFault_Handler
                0x0800539c        0x8 ./Core/Src/stm32f4xx_it.o
                0x0800539c                HardFault_Handler
 .text.MemManage_Handler
                0x080053a4        0x8 ./Core/Src/stm32f4xx_it.o
                0x080053a4                MemManage_Handler
 .text.BusFault_Handler
                0x080053ac        0x8 ./Core/Src/stm32f4xx_it.o
                0x080053ac                BusFault_Handler
 .text.UsageFault_Handler
                0x080053b4        0x8 ./Core/Src/stm32f4xx_it.o
                0x080053b4                UsageFault_Handler
 .text.DebugMon_Handler
                0x080053bc        0xe ./Core/Src/stm32f4xx_it.o
                0x080053bc                DebugMon_Handler
 .text.SysTick_Handler
                0x080053ca       0x1a ./Core/Src/stm32f4xx_it.o
                0x080053ca                SysTick_Handler
 .text.EXTI9_5_IRQHandler
                0x080053e4       0x10 ./Core/Src/stm32f4xx_it.o
                0x080053e4                EXTI9_5_IRQHandler
 .text.TIM4_IRQHandler
                0x080053f4       0x14 ./Core/Src/stm32f4xx_it.o
                0x080053f4                TIM4_IRQHandler
 .text.USART3_IRQHandler
                0x08005408       0x14 ./Core/Src/stm32f4xx_it.o
                0x08005408                USART3_IRQHandler
 .text._sbrk    0x0800541c       0x6c ./Core/Src/sysmem.o
                0x0800541c                _sbrk
 .text.SystemInit
                0x08005488       0x24 ./Core/Src/system_stm32f4xx.o
                0x08005488                SystemInit
 .text.Reset_Handler
                0x080054ac       0x50 ./Core/Startup/startup_stm32f407vetx.o
                0x080054ac                Reset_Handler
 .text.Default_Handler
                0x080054fc        0x2 ./Core/Startup/startup_stm32f407vetx.o
                0x080054fc                RTC_Alarm_IRQHandler
                0x080054fc                HASH_RNG_IRQHandler
                0x080054fc                EXTI2_IRQHandler
                0x080054fc                TIM8_CC_IRQHandler
                0x080054fc                TIM1_CC_IRQHandler
                0x080054fc                DMA2_Stream5_IRQHandler
                0x080054fc                DMA1_Stream5_IRQHandler
                0x080054fc                PVD_IRQHandler
                0x080054fc                SDIO_IRQHandler
                0x080054fc                TAMP_STAMP_IRQHandler
                0x080054fc                CAN2_RX1_IRQHandler
                0x080054fc                EXTI3_IRQHandler
                0x080054fc                TIM8_TRG_COM_TIM14_IRQHandler
                0x080054fc                TIM1_UP_TIM10_IRQHandler
                0x080054fc                TIM8_UP_TIM13_IRQHandler
                0x080054fc                I2C3_ER_IRQHandler
                0x080054fc                EXTI0_IRQHandler
                0x080054fc                I2C2_EV_IRQHandler
                0x080054fc                DMA1_Stream2_IRQHandler
                0x080054fc                CAN1_RX0_IRQHandler
                0x080054fc                FPU_IRQHandler
                0x080054fc                OTG_HS_WKUP_IRQHandler
                0x080054fc                CAN2_SCE_IRQHandler
                0x080054fc                DMA2_Stream2_IRQHandler
                0x080054fc                SPI1_IRQHandler
                0x080054fc                TIM6_DAC_IRQHandler
                0x080054fc                TIM1_BRK_TIM9_IRQHandler
                0x080054fc                DCMI_IRQHandler
                0x080054fc                CAN2_RX0_IRQHandler
                0x080054fc                DMA2_Stream3_IRQHandler
                0x080054fc                USART6_IRQHandler
                0x080054fc                CAN1_RX1_IRQHandler
                0x080054fc                UART5_IRQHandler
                0x080054fc                DMA2_Stream0_IRQHandler
                0x080054fc                I2C1_EV_IRQHandler
                0x080054fc                DMA1_Stream6_IRQHandler
                0x080054fc                DMA1_Stream1_IRQHandler
                0x080054fc                UART4_IRQHandler
                0x080054fc                TIM3_IRQHandler
                0x080054fc                RCC_IRQHandler
                0x080054fc                TIM8_BRK_TIM12_IRQHandler
                0x080054fc                Default_Handler
                0x080054fc                EXTI15_10_IRQHandler
                0x080054fc                ADC_IRQHandler
                0x080054fc                DMA1_Stream7_IRQHandler
                0x080054fc                TIM7_IRQHandler
                0x080054fc                CAN2_TX_IRQHandler
                0x080054fc                TIM5_IRQHandler
                0x080054fc                DMA2_Stream7_IRQHandler
                0x080054fc                I2C3_EV_IRQHandler
                0x080054fc                RTC_WKUP_IRQHandler
                0x080054fc                ETH_WKUP_IRQHandler
                0x080054fc                SPI2_IRQHandler
                0x080054fc                OTG_HS_EP1_IN_IRQHandler
                0x080054fc                DMA1_Stream0_IRQHandler
                0x080054fc                CAN1_TX_IRQHandler
                0x080054fc                EXTI4_IRQHandler
                0x080054fc                FSMC_IRQHandler
                0x080054fc                ETH_IRQHandler
                0x080054fc                OTG_HS_EP1_OUT_IRQHandler
                0x080054fc                WWDG_IRQHandler
                0x080054fc                TIM2_IRQHandler
                0x080054fc                OTG_FS_WKUP_IRQHandler
                0x080054fc                TIM1_TRG_COM_TIM11_IRQHandler
                0x080054fc                OTG_HS_IRQHandler
                0x080054fc                EXTI1_IRQHandler
                0x080054fc                USART2_IRQHandler
                0x080054fc                I2C2_ER_IRQHandler
                0x080054fc                DMA2_Stream1_IRQHandler
                0x080054fc                CAN1_SCE_IRQHandler
                0x080054fc                FLASH_IRQHandler
                0x080054fc                DMA2_Stream4_IRQHandler
                0x080054fc                USART1_IRQHandler
                0x080054fc                OTG_FS_IRQHandler
                0x080054fc                SPI3_IRQHandler
                0x080054fc                DMA1_Stream4_IRQHandler
                0x080054fc                I2C1_ER_IRQHandler
                0x080054fc                DMA2_Stream6_IRQHandler
                0x080054fc                DMA1_Stream3_IRQHandler
 *fill*         0x080054fe        0x2 
 .text.HAL_Init
                0x08005500       0x44 ./Drivers/STM32F4xx_HAL_Driver/Src/stm32f4xx_hal.o
                0x08005500                HAL_Init
 .text.HAL_InitTick
                0x08005544       0x60 ./Drivers/STM32F4xx_HAL_Driver/Src/stm32f4xx_hal.o
                0x08005544                HAL_InitTick
 .text.HAL_IncTick
                0x080055a4       0x28 ./Drivers/STM32F4xx_HAL_Driver/Src/stm32f4xx_hal.o
                0x080055a4                HAL_IncTick
 .text.HAL_GetTick
                0x080055cc       0x18 ./Drivers/STM32F4xx_HAL_Driver/Src/stm32f4xx_hal.o
                0x080055cc                HAL_GetTick
 .text.HAL_Delay
                0x080055e4       0x48 ./Drivers/STM32F4xx_HAL_Driver/Src/stm32f4xx_hal.o
                0x080055e4                HAL_Delay
 .text.HAL_ADC_Init
                0x0800562c       0x86 ./Drivers/STM32F4xx_HAL_Driver/Src/stm32f4xx_hal_adc.o
                0x0800562c                HAL_ADC_Init
 *fill*         0x080056b2        0x2 
 .text.HAL_ADC_ConfigChannel
                0x080056b4      0x244 ./Drivers/STM32F4xx_HAL_Driver/Src/stm32f4xx_hal_adc.o
                0x080056b4                HAL_ADC_ConfigChannel
 .text.ADC_Init
                0x080058f8      0x1f8 ./Drivers/STM32F4xx_HAL_Driver/Src/stm32f4xx_hal_adc.o
 .text.__NVIC_SetPriorityGrouping
                0x08005af0       0x48 ./Drivers/STM32F4xx_HAL_Driver/Src/stm32f4xx_hal_cortex.o
 .text.__NVIC_GetPriorityGrouping
                0x08005b38       0x1c ./Drivers/STM32F4xx_HAL_Driver/Src/stm32f4xx_hal_cortex.o
 .text.__NVIC_EnableIRQ
                0x08005b54       0x3c ./Drivers/STM32F4xx_HAL_Driver/Src/stm32f4xx_hal_cortex.o
 .text.__NVIC_SetPriority
                0x08005b90       0x54 ./Drivers/STM32F4xx_HAL_Driver/Src/stm32f4xx_hal_cortex.o
 .text.NVIC_EncodePriority
                0x08005be4       0x66 ./Drivers/STM32F4xx_HAL_Driver/Src/stm32f4xx_hal_cortex.o
 *fill*         0x08005c4a        0x2 
 .text.SysTick_Config
                0x08005c4c       0x44 ./Drivers/STM32F4xx_HAL_Driver/Src/stm32f4xx_hal_cortex.o
 .text.HAL_NVIC_SetPriorityGrouping
                0x08005c90       0x16 ./Drivers/STM32F4xx_HAL_Driver/Src/stm32f4xx_hal_cortex.o
                0x08005c90                HAL_NVIC_SetPriorityGrouping
 .text.HAL_NVIC_SetPriority
                0x08005ca6       0x38 ./Drivers/STM32F4xx_HAL_Driver/Src/stm32f4xx_hal_cortex.o
                0x08005ca6                HAL_NVIC_SetPriority
 .text.HAL_NVIC_EnableIRQ
                0x08005cde       0x1c ./Drivers/STM32F4xx_HAL_Driver/Src/stm32f4xx_hal_cortex.o
                0x08005cde                HAL_NVIC_EnableIRQ
 .text.HAL_SYSTICK_Config
                0x08005cfa       0x18 ./Drivers/STM32F4xx_HAL_Driver/Src/stm32f4xx_hal_cortex.o
                0x08005cfa                HAL_SYSTICK_Config
 .text.HAL_DMA_Abort
                0x08005d12       0xe0 ./Drivers/STM32F4xx_HAL_Driver/Src/stm32f4xx_hal_dma.o
                0x08005d12                HAL_DMA_Abort
 .text.HAL_DMA_Abort_IT
                0x08005df2       0x44 ./Drivers/STM32F4xx_HAL_Driver/Src/stm32f4xx_hal_dma.o
                0x08005df2                HAL_DMA_Abort_IT
 *fill*         0x08005e36        0x2 
 .text.HAL_GPIO_Init
                0x08005e38      0x338 ./Drivers/STM32F4xx_HAL_Driver/Src/stm32f4xx_hal_gpio.o
                0x08005e38                HAL_GPIO_Init
 .text.HAL_GPIO_WritePin
                0x08006170       0x32 ./Drivers/STM32F4xx_HAL_Driver/Src/stm32f4xx_hal_gpio.o
                0x08006170                HAL_GPIO_WritePin
 .text.HAL_GPIO_TogglePin
                0x080061a2       0x34 ./Drivers/STM32F4xx_HAL_Driver/Src/stm32f4xx_hal_gpio.o
                0x080061a2                HAL_GPIO_TogglePin
 *fill*         0x080061d6        0x2 
 .text.HAL_GPIO_EXTI_IRQHandler
                0x080061d8       0x30 ./Drivers/STM32F4xx_HAL_Driver/Src/stm32f4xx_hal_gpio.o
                0x080061d8                HAL_GPIO_EXTI_IRQHandler
 .text.HAL_I2C_Init
                0x08006208      0x288 ./Drivers/STM32F4xx_HAL_Driver/Src/stm32f4xx_hal_i2c.o
                0x08006208                HAL_I2C_Init
 .text.HAL_I2C_Master_Transmit
                0x08006490      0x1fc ./Drivers/STM32F4xx_HAL_Driver/Src/stm32f4xx_hal_i2c.o
                0x08006490                HAL_I2C_Master_Transmit
 .text.HAL_I2C_Master_Receive
                0x0800668c      0x464 ./Drivers/STM32F4xx_HAL_Driver/Src/stm32f4xx_hal_i2c.o
                0x0800668c                HAL_I2C_Master_Receive
 .text.I2C_MasterRequestWrite
                0x08006af0      0x104 ./Drivers/STM32F4xx_HAL_Driver/Src/stm32f4xx_hal_i2c.o
 .text.I2C_MasterRequestRead
                0x08006bf4      0x19c ./Drivers/STM32F4xx_HAL_Driver/Src/stm32f4xx_hal_i2c.o
 .text.I2C_WaitOnFlagUntilTimeout
                0x08006d90       0xf4 ./Drivers/STM32F4xx_HAL_Driver/Src/stm32f4xx_hal_i2c.o
 .text.I2C_WaitOnMasterAddressFlagUntilTimeout
                0x08006e84      0x140 ./Drivers/STM32F4xx_HAL_Driver/Src/stm32f4xx_hal_i2c.o
 .text.I2C_WaitOnTXEFlagUntilTimeout
                0x08006fc4       0x90 ./Drivers/STM32F4xx_HAL_Driver/Src/stm32f4xx_hal_i2c.o
 .text.I2C_WaitOnBTFFlagUntilTimeout
                0x08007054       0x90 ./Drivers/STM32F4xx_HAL_Driver/Src/stm32f4xx_hal_i2c.o
 .text.I2C_WaitOnRXNEFlagUntilTimeout
                0x080070e4       0xba ./Drivers/STM32F4xx_HAL_Driver/Src/stm32f4xx_hal_i2c.o
 .text.I2C_IsAcknowledgeFailed
                0x0800719e       0x5e ./Drivers/STM32F4xx_HAL_Driver/Src/stm32f4xx_hal_i2c.o
 .text.HAL_IWDG_Init
                0x080071fc       0x84 ./Drivers/STM32F4xx_HAL_Driver/Src/stm32f4xx_hal_iwdg.o
                0x080071fc                HAL_IWDG_Init
 .text.HAL_IWDG_Refresh
                0x08007280       0x20 ./Drivers/STM32F4xx_HAL_Driver/Src/stm32f4xx_hal_iwdg.o
                0x08007280                HAL_IWDG_Refresh
 .text.HAL_PWR_EnableBkUpAccess
                0x080072a0       0x28 ./Drivers/STM32F4xx_HAL_Driver/Src/stm32f4xx_hal_pwr.o
                0x080072a0                HAL_PWR_EnableBkUpAccess
 .text.HAL_PWR_DisableBkUpAccess
                0x080072c8       0x28 ./Drivers/STM32F4xx_HAL_Driver/Src/stm32f4xx_hal_pwr.o
                0x080072c8                HAL_PWR_DisableBkUpAccess
 .text.HAL_RCC_OscConfig
                0x080072f0      0x4f0 ./Drivers/STM32F4xx_HAL_Driver/Src/stm32f4xx_hal_rcc.o
                0x080072f0                HAL_RCC_OscConfig
 .text.HAL_RCC_ClockConfig
                0x080077e0      0x1cc ./Drivers/STM32F4xx_HAL_Driver/Src/stm32f4xx_hal_rcc.o
                0x080077e0                HAL_RCC_ClockConfig
 .text.HAL_RCC_GetSysClockFreq
                0x080079ac      0x18c ./Drivers/STM32F4xx_HAL_Driver/Src/stm32f4xx_hal_rcc.o
                0x080079ac                HAL_RCC_GetSysClockFreq
 .text.HAL_RCC_GetHCLKFreq
                0x08007b38       0x18 ./Drivers/STM32F4xx_HAL_Driver/Src/stm32f4xx_hal_rcc.o
                0x08007b38                HAL_RCC_GetHCLKFreq
 .text.HAL_RCC_GetPCLK1Freq
                0x08007b50       0x28 ./Drivers/STM32F4xx_HAL_Driver/Src/stm32f4xx_hal_rcc.o
                0x08007b50                HAL_RCC_GetPCLK1Freq
 .text.HAL_RCC_GetPCLK2Freq
                0x08007b78       0x28 ./Drivers/STM32F4xx_HAL_Driver/Src/stm32f4xx_hal_rcc.o
                0x08007b78                HAL_RCC_GetPCLK2Freq
 .text.HAL_TIM_Base_Init
                0x08007ba0       0x9e ./Drivers/STM32F4xx_HAL_Driver/Src/stm32f4xx_hal_tim.o
                0x08007ba0                HAL_TIM_Base_Init
 .text.HAL_TIM_PWM_Init
                0x08007c3e       0x9e ./Drivers/STM32F4xx_HAL_Driver/Src/stm32f4xx_hal_tim.o
                0x08007c3e                HAL_TIM_PWM_Init
 .text.HAL_TIM_PWM_MspInit
                0x08007cdc       0x14 ./Drivers/STM32F4xx_HAL_Driver/Src/stm32f4xx_hal_tim.o
                0x08007cdc                HAL_TIM_PWM_MspInit
 .text.HAL_TIM_PWM_Start
                0x08007cf0      0x190 ./Drivers/STM32F4xx_HAL_Driver/Src/stm32f4xx_hal_tim.o
                0x08007cf0                HAL_TIM_PWM_Start
 .text.HAL_TIM_IC_Init
                0x08007e80       0x9e ./Drivers/STM32F4xx_HAL_Driver/Src/stm32f4xx_hal_tim.o
                0x08007e80                HAL_TIM_IC_Init
 .text.HAL_TIM_IC_MspInit
                0x08007f1e       0x14 ./Drivers/STM32F4xx_HAL_Driver/Src/stm32f4xx_hal_tim.o
                0x08007f1e                HAL_TIM_IC_MspInit
 *fill*         0x08007f32        0x2 
 .text.HAL_TIM_IC_Start_IT
                0x08007f34      0x250 ./Drivers/STM32F4xx_HAL_Driver/Src/stm32f4xx_hal_tim.o
                0x08007f34                HAL_TIM_IC_Start_IT
 .text.HAL_TIM_Encoder_Init
                0x08008184      0x14c ./Drivers/STM32F4xx_HAL_Driver/Src/stm32f4xx_hal_tim.o
                0x08008184                HAL_TIM_Encoder_Init
 .text.HAL_TIM_Encoder_Start
                0x080082d0      0x11c ./Drivers/STM32F4xx_HAL_Driver/Src/stm32f4xx_hal_tim.o
                0x080082d0                HAL_TIM_Encoder_Start
 .text.HAL_TIM_IRQHandler
                0x080083ec      0x1e0 ./Drivers/STM32F4xx_HAL_Driver/Src/stm32f4xx_hal_tim.o
                0x080083ec                HAL_TIM_IRQHandler
 .text.HAL_TIM_IC_ConfigChannel
                0x080085cc      0x138 ./Drivers/STM32F4xx_HAL_Driver/Src/stm32f4xx_hal_tim.o
                0x080085cc                HAL_TIM_IC_ConfigChannel
 .text.HAL_TIM_PWM_ConfigChannel
                0x08008704      0x184 ./Drivers/STM32F4xx_HAL_Driver/Src/stm32f4xx_hal_tim.o
                0x08008704                HAL_TIM_PWM_ConfigChannel
 .text.HAL_TIM_ConfigClockSource
                0x08008888      0x18e ./Drivers/STM32F4xx_HAL_Driver/Src/stm32f4xx_hal_tim.o
                0x08008888                HAL_TIM_ConfigClockSource
 *fill*         0x08008a16        0x2 
 .text.HAL_TIM_ReadCapturedValue
                0x08008a18       0x88 ./Drivers/STM32F4xx_HAL_Driver/Src/stm32f4xx_hal_tim.o
                0x08008a18                HAL_TIM_ReadCapturedValue
 .text.HAL_TIM_PeriodElapsedCallback
                0x08008aa0       0x14 ./Drivers/STM32F4xx_HAL_Driver/Src/stm32f4xx_hal_tim.o
                0x08008aa0                HAL_TIM_PeriodElapsedCallback
 .text.HAL_TIM_OC_DelayElapsedCallback
                0x08008ab4       0x14 ./Drivers/STM32F4xx_HAL_Driver/Src/stm32f4xx_hal_tim.o
                0x08008ab4                HAL_TIM_OC_DelayElapsedCallback
 .text.HAL_TIM_PWM_PulseFinishedCallback
                0x08008ac8       0x14 ./Drivers/STM32F4xx_HAL_Driver/Src/stm32f4xx_hal_tim.o
                0x08008ac8                HAL_TIM_PWM_PulseFinishedCallback
 .text.HAL_TIM_TriggerCallback
                0x08008adc       0x14 ./Drivers/STM32F4xx_HAL_Driver/Src/stm32f4xx_hal_tim.o
                0x08008adc                HAL_TIM_TriggerCallback
 .text.TIM_Base_SetConfig
                0x08008af0      0x158 ./Drivers/STM32F4xx_HAL_Driver/Src/stm32f4xx_hal_tim.o
                0x08008af0                TIM_Base_SetConfig
 .text.TIM_OC1_SetConfig
                0x08008c48       0xe0 ./Drivers/STM32F4xx_HAL_Driver/Src/stm32f4xx_hal_tim.o
 .text.TIM_OC2_SetConfig
                0x08008d28       0xec ./Drivers/STM32F4xx_HAL_Driver/Src/stm32f4xx_hal_tim.o
                0x08008d28                TIM_OC2_SetConfig
 .text.TIM_OC3_SetConfig
                0x08008e14       0xe8 ./Drivers/STM32F4xx_HAL_Driver/Src/stm32f4xx_hal_tim.o
 .text.TIM_OC4_SetConfig
                0x08008efc       0xac ./Drivers/STM32F4xx_HAL_Driver/Src/stm32f4xx_hal_tim.o
 .text.TIM_TI1_SetConfig
                0x08008fa8       0xe8 ./Drivers/STM32F4xx_HAL_Driver/Src/stm32f4xx_hal_tim.o
                0x08008fa8                TIM_TI1_SetConfig
 .text.TIM_TI1_ConfigInputStage
                0x08009090       0x5e ./Drivers/STM32F4xx_HAL_Driver/Src/stm32f4xx_hal_tim.o
 .text.TIM_TI2_SetConfig
                0x080090ee       0x7a ./Drivers/STM32F4xx_HAL_Driver/Src/stm32f4xx_hal_tim.o
 .text.TIM_TI2_ConfigInputStage
                0x08009168       0x60 ./Drivers/STM32F4xx_HAL_Driver/Src/stm32f4xx_hal_tim.o
 .text.TIM_TI3_SetConfig
                0x080091c8       0x78 ./Drivers/STM32F4xx_HAL_Driver/Src/stm32f4xx_hal_tim.o
 .text.TIM_TI4_SetConfig
                0x08009240       0x7a ./Drivers/STM32F4xx_HAL_Driver/Src/stm32f4xx_hal_tim.o
 .text.TIM_ITRx_SetConfig
                0x080092ba       0x36 ./Drivers/STM32F4xx_HAL_Driver/Src/stm32f4xx_hal_tim.o
 .text.TIM_ETR_SetConfig
                0x080092f0       0x40 ./Drivers/STM32F4xx_HAL_Driver/Src/stm32f4xx_hal_tim.o
                0x080092f0                TIM_ETR_SetConfig
 .text.TIM_CCxChannelCmd
                0x08009330       0x4a ./Drivers/STM32F4xx_HAL_Driver/Src/stm32f4xx_hal_tim.o
                0x08009330                TIM_CCxChannelCmd
 *fill*         0x0800937a        0x2 
 .text.HAL_TIMEx_MasterConfigSynchronization
                0x0800937c       0xf8 ./Drivers/STM32F4xx_HAL_Driver/Src/stm32f4xx_hal_tim_ex.o
                0x0800937c                HAL_TIMEx_MasterConfigSynchronization
 .text.HAL_TIMEx_ConfigBreakDeadTime
                0x08009474       0xa4 ./Drivers/STM32F4xx_HAL_Driver/Src/stm32f4xx_hal_tim_ex.o
                0x08009474                HAL_TIMEx_ConfigBreakDeadTime
 .text.HAL_TIMEx_CommutCallback
                0x08009518       0x14 ./Drivers/STM32F4xx_HAL_Driver/Src/stm32f4xx_hal_tim_ex.o
                0x08009518                HAL_TIMEx_CommutCallback
 .text.HAL_TIMEx_BreakCallback
                0x0800952c       0x14 ./Drivers/STM32F4xx_HAL_Driver/Src/stm32f4xx_hal_tim_ex.o
                0x0800952c                HAL_TIMEx_BreakCallback
 .text.HAL_UART_Init
                0x08009540       0xa0 ./Drivers/STM32F4xx_HAL_Driver/Src/stm32f4xx_hal_uart.o
                0x08009540                HAL_UART_Init
 .text.HAL_UART_Transmit
                0x080095e0      0x116 ./Drivers/STM32F4xx_HAL_Driver/Src/stm32f4xx_hal_uart.o
                0x080095e0                HAL_UART_Transmit
 .text.HAL_UART_Receive_IT
                0x080096f6       0x4a ./Drivers/STM32F4xx_HAL_Driver/Src/stm32f4xx_hal_uart.o
                0x080096f6                HAL_UART_Receive_IT
 .text.HAL_UART_IRQHandler
                0x08009740      0x524 ./Drivers/STM32F4xx_HAL_Driver/Src/stm32f4xx_hal_uart.o
                0x08009740                HAL_UART_IRQHandler
 .text.HAL_UART_TxCpltCallback
                0x08009c64       0x14 ./Drivers/STM32F4xx_HAL_Driver/Src/stm32f4xx_hal_uart.o
                0x08009c64                HAL_UART_TxCpltCallback
 .text.HAL_UART_ErrorCallback
                0x08009c78       0x14 ./Drivers/STM32F4xx_HAL_Driver/Src/stm32f4xx_hal_uart.o
                0x08009c78                HAL_UART_ErrorCallback
 .text.HAL_UARTEx_RxEventCallback
                0x08009c8c       0x18 ./Drivers/STM32F4xx_HAL_Driver/Src/stm32f4xx_hal_uart.o
                0x08009c8c                HAL_UARTEx_RxEventCallback
 .text.UART_WaitOnFlagUntilTimeout
                0x08009ca4       0xb2 ./Drivers/STM32F4xx_HAL_Driver/Src/stm32f4xx_hal_uart.o
 .text.UART_Start_Receive_IT
                0x08009d56       0x74 ./Drivers/STM32F4xx_HAL_Driver/Src/stm32f4xx_hal_uart.o
                0x08009d56                UART_Start_Receive_IT
 .text.UART_EndRxTransfer
                0x08009dca       0xc6 ./Drivers/STM32F4xx_HAL_Driver/Src/stm32f4xx_hal_uart.o
 .text.UART_DMAAbortOnError
                0x08009e90       0x28 ./Drivers/STM32F4xx_HAL_Driver/Src/stm32f4xx_hal_uart.o
 .text.UART_Transmit_IT
                0x08009eb8       0xa0 ./Drivers/STM32F4xx_HAL_Driver/Src/stm32f4xx_hal_uart.o
 .text.UART_EndTransmit_IT
                0x08009f58       0x30 ./Drivers/STM32F4xx_HAL_Driver/Src/stm32f4xx_hal_uart.o
 .text.UART_Receive_IT
                0x08009f88      0x17c ./Drivers/STM32F4xx_HAL_Driver/Src/stm32f4xx_hal_uart.o
 .text.UART_SetConfig
                0x0800a104      0x4e8 ./Drivers/STM32F4xx_HAL_Driver/Src/stm32f4xx_hal_uart.o
 .text.__NVIC_SetPriority
                0x0800a5ec       0x54 ./Middlewares/Third_Party/FreeRTOS/Source/CMSIS_RTOS_V2/cmsis_os2.o
 .text.SVC_Setup
                0x0800a640       0x12 ./Middlewares/Third_Party/FreeRTOS/Source/CMSIS_RTOS_V2/cmsis_os2.o
 *fill*         0x0800a652        0x2 
 .text.osKernelInitialize
                0x0800a654       0x48 ./Middlewares/Third_Party/FreeRTOS/Source/CMSIS_RTOS_V2/cmsis_os2.o
                0x0800a654                osKernelInitialize
 .text.osKernelStart
                0x0800a69c       0x4c ./Middlewares/Third_Party/FreeRTOS/Source/CMSIS_RTOS_V2/cmsis_os2.o
                0x0800a69c                osKernelStart
 .text.osThreadNew
                0x0800a6e8      0x124 ./Middlewares/Third_Party/FreeRTOS/Source/CMSIS_RTOS_V2/cmsis_os2.o
                0x0800a6e8                osThreadNew
 .text.osDelay  0x0800a80c       0x36 ./Middlewares/Third_Party/FreeRTOS/Source/CMSIS_RTOS_V2/cmsis_os2.o
                0x0800a80c                osDelay
 .text.osMessageQueueNew
                0x0800a842       0xe6 ./Middlewares/Third_Party/FreeRTOS/Source/CMSIS_RTOS_V2/cmsis_os2.o
                0x0800a842                osMessageQueueNew
 .text.vApplicationGetIdleTaskMemory
                0x0800a928       0x34 ./Middlewares/Third_Party/FreeRTOS/Source/CMSIS_RTOS_V2/cmsis_os2.o
                0x0800a928                vApplicationGetIdleTaskMemory
 .text.vApplicationGetTimerTaskMemory
                0x0800a95c       0x34 ./Middlewares/Third_Party/FreeRTOS/Source/CMSIS_RTOS_V2/cmsis_os2.o
                0x0800a95c                vApplicationGetTimerTaskMemory
 .text.vListInitialise
                0x0800a990       0x40 ./Middlewares/Third_Party/FreeRTOS/Source/list.o
                0x0800a990                vListInitialise
 .text.vListInitialiseItem
                0x0800a9d0       0x1a ./Middlewares/Third_Party/FreeRTOS/Source/list.o
                0x0800a9d0                vListInitialiseItem
 .text.vListInsertEnd
                0x0800a9ea       0x48 ./Middlewares/Third_Party/FreeRTOS/Source/list.o
                0x0800a9ea                vListInsertEnd
 .text.vListInsert
                0x0800aa32       0x72 ./Middlewares/Third_Party/FreeRTOS/Source/list.o
                0x0800aa32                vListInsert
 .text.uxListRemove
                0x0800aaa4       0x54 ./Middlewares/Third_Party/FreeRTOS/Source/list.o
                0x0800aaa4                uxListRemove
 .text.xQueueGenericReset
                0x0800aaf8       0xd4 ./Middlewares/Third_Party/FreeRTOS/Source/queue.o
                0x0800aaf8                xQueueGenericReset
 .text.xQueueGenericCreateStatic
                0x0800abcc       0xfa ./Middlewares/Third_Party/FreeRTOS/Source/queue.o
                0x0800abcc                xQueueGenericCreateStatic
 .text.xQueueGenericCreate
                0x0800acc6       0x76 ./Middlewares/Third_Party/FreeRTOS/Source/queue.o
                0x0800acc6                xQueueGenericCreate
 .text.prvInitialiseNewQueue
                0x0800ad3c       0x46 ./Middlewares/Third_Party/FreeRTOS/Source/queue.o
 *fill*         0x0800ad82        0x2 
 .text.xQueueGenericSend
                0x0800ad84      0x204 ./Middlewares/Third_Party/FreeRTOS/Source/queue.o
                0x0800ad84                xQueueGenericSend
 .text.xQueueGenericSendFromISR
                0x0800af88      0x13c ./Middlewares/Third_Party/FreeRTOS/Source/queue.o
                0x0800af88                xQueueGenericSendFromISR
 .text.xQueueReceive
                0x0800b0c4      0x1c4 ./Middlewares/Third_Party/FreeRTOS/Source/queue.o
                0x0800b0c4                xQueueReceive
 .text.prvCopyDataToQueue
                0x0800b288       0xd4 ./Middlewares/Third_Party/FreeRTOS/Source/queue.o
 .text.prvCopyDataFromQueue
                0x0800b35c       0x4c ./Middlewares/Third_Party/FreeRTOS/Source/queue.o
 .text.prvUnlockQueue
                0x0800b3a8       0xa4 ./Middlewares/Third_Party/FreeRTOS/Source/queue.o
 .text.prvIsQueueEmpty
                0x0800b44c       0x2c ./Middlewares/Third_Party/FreeRTOS/Source/queue.o
 .text.prvIsQueueFull
                0x0800b478       0x30 ./Middlewares/Third_Party/FreeRTOS/Source/queue.o
 .text.vQueueAddToRegistry
                0x0800b4a8       0x54 ./Middlewares/Third_Party/FreeRTOS/Source/queue.o
                0x0800b4a8                vQueueAddToRegistry
 .text.vQueueWaitForMessageRestricted
                0x0800b4fc       0x68 ./Middlewares/Third_Party/FreeRTOS/Source/queue.o
                0x0800b4fc                vQueueWaitForMessageRestricted
 .text.xTaskCreateStatic
                0x0800b564       0xc0 ./Middlewares/Third_Party/FreeRTOS/Source/tasks.o
                0x0800b564                xTaskCreateStatic
 .text.xTaskCreate
                0x0800b624       0x8a ./Middlewares/Third_Party/FreeRTOS/Source/tasks.o
                0x0800b624                xTaskCreate
 .text.prvInitialiseNewTask
                0x0800b6ae      0x120 ./Middlewares/Third_Party/FreeRTOS/Source/tasks.o
 *fill*         0x0800b7ce        0x2 
 .text.prvAddNewTaskToReadyList
                0x0800b7d0       0xe0 ./Middlewares/Third_Party/FreeRTOS/Source/tasks.o
 .text.vTaskDelay
                0x0800b8b0       0x6c ./Middlewares/Third_Party/FreeRTOS/Source/tasks.o
                0x0800b8b0                vTaskDelay
 .text.vTaskStartScheduler
                0x0800b91c       0xd0 ./Middlewares/Third_Party/FreeRTOS/Source/tasks.o
                0x0800b91c                vTaskStartScheduler
 .text.vTaskSuspendAll
                0x0800b9ec       0x1c ./Middlewares/Third_Party/FreeRTOS/Source/tasks.o
                0x0800b9ec                vTaskSuspendAll
 .text.xTaskResumeAll
                0x0800ba08      0x13c ./Middlewares/Third_Party/FreeRTOS/Source/tasks.o
                0x0800ba08                xTaskResumeAll
 .text.xTaskGetTickCount
                0x0800bb44       0x20 ./Middlewares/Third_Party/FreeRTOS/Source/tasks.o
                0x0800bb44                xTaskGetTickCount
 .text.xTaskIncrementTick
                0x0800bb64      0x174 ./Middlewares/Third_Party/FreeRTOS/Source/tasks.o
                0x0800bb64                xTaskIncrementTick
 .text.vTaskSwitchContext
                0x0800bcd8       0xbc ./Middlewares/Third_Party/FreeRTOS/Source/tasks.o
                0x0800bcd8                vTaskSwitchContext
 .text.vTaskPlaceOnEventList
                0x0800bd94       0x4c ./Middlewares/Third_Party/FreeRTOS/Source/tasks.o
                0x0800bd94                vTaskPlaceOnEventList
 .text.vTaskPlaceOnEventListRestricted
                0x0800bde0       0x58 ./Middlewares/Third_Party/FreeRTOS/Source/tasks.o
                0x0800bde0                vTaskPlaceOnEventListRestricted
 .text.xTaskRemoveFromEventList
                0x0800be38       0xc8 ./Middlewares/Third_Party/FreeRTOS/Source/tasks.o
                0x0800be38                xTaskRemoveFromEventList
 .text.vTaskInternalSetTimeOutState
                0x0800bf00       0x2c ./Middlewares/Third_Party/FreeRTOS/Source/tasks.o
                0x0800bf00                vTaskInternalSetTimeOutState
 .text.xTaskCheckForTimeOut
                0x0800bf2c       0xc8 ./Middlewares/Third_Party/FreeRTOS/Source/tasks.o
                0x0800bf2c                xTaskCheckForTimeOut
 .text.vTaskMissedYield
                0x0800bff4       0x18 ./Middlewares/Third_Party/FreeRTOS/Source/tasks.o
                0x0800bff4                vTaskMissedYield
 .text.prvIdleTask
                0x0800c00c       0x30 ./Middlewares/Third_Party/FreeRTOS/Source/tasks.o
 .text.prvInitialiseTaskLists
                0x0800c03c       0x80 ./Middlewares/Third_Party/FreeRTOS/Source/tasks.o
 .text.prvCheckTasksWaitingTermination
                0x0800c0bc       0x5c ./Middlewares/Third_Party/FreeRTOS/Source/tasks.o
 .text.prvDeleteTCB
                0x0800c118       0x60 ./Middlewares/Third_Party/FreeRTOS/Source/tasks.o
 .text.prvResetNextTaskUnblockTime
                0x0800c178       0x40 ./Middlewares/Third_Party/FreeRTOS/Source/tasks.o
 .text.xTaskGetSchedulerState
                0x0800c1b8       0x3c ./Middlewares/Third_Party/FreeRTOS/Source/tasks.o
                0x0800c1b8                xTaskGetSchedulerState
 .text.xTaskPriorityDisinherit
                0x0800c1f4       0xe0 ./Middlewares/Third_Party/FreeRTOS/Source/tasks.o
                0x0800c1f4                xTaskPriorityDisinherit
 .text.prvAddCurrentTaskToDelayedList
                0x0800c2d4       0xa8 ./Middlewares/Third_Party/FreeRTOS/Source/tasks.o
 .text.xTimerCreateTimerTask
                0x0800c37c       0x94 ./Middlewares/Third_Party/FreeRTOS/Source/timers.o
                0x0800c37c                xTimerCreateTimerTask
 .text.xTimerGenericCommand
                0x0800c410       0x9c ./Middlewares/Third_Party/FreeRTOS/Source/timers.o
                0x0800c410                xTimerGenericCommand
 .text.prvProcessExpiredTimer
                0x0800c4ac       0x9c ./Middlewares/Third_Party/FreeRTOS/Source/timers.o
 .text.prvTimerTask
                0x0800c548       0x26 ./Middlewares/Third_Party/FreeRTOS/Source/timers.o
 *fill*         0x0800c56e        0x2 
 .text.prvProcessTimerOrBlockTask
                0x0800c570       0x9c ./Middlewares/Third_Party/FreeRTOS/Source/timers.o
 .text.prvGetNextExpireTime
                0x0800c60c       0x48 ./Middlewares/Third_Party/FreeRTOS/Source/timers.o
 .text.prvSampleTimeNow
                0x0800c654       0x40 ./Middlewares/Third_Party/FreeRTOS/Source/timers.o
 .text.prvInsertTimerInActiveList
                0x0800c694       0x84 ./Middlewares/Third_Party/FreeRTOS/Source/timers.o
 .text.prvProcessReceivedCommands
                0x0800c718      0x1cc ./Middlewares/Third_Party/FreeRTOS/Source/timers.o
 .text.prvSwitchTimerLists
                0x0800c8e4       0xcc ./Middlewares/Third_Party/FreeRTOS/Source/timers.o
 .text.prvCheckForValidListAndQueue
                0x0800c9b0       0x80 ./Middlewares/Third_Party/FreeRTOS/Source/timers.o
 .text.pxPortInitialiseStack
                0x0800ca30       0x68 ./Middlewares/Third_Party/FreeRTOS/Source/portable/GCC/ARM_CM4F/port.o
                0x0800ca30                pxPortInitialiseStack
 .text.prvTaskExitError
                0x0800ca98       0x5c ./Middlewares/Third_Party/FreeRTOS/Source/portable/GCC/ARM_CM4F/port.o
 *fill*         0x0800caf4        0xc 
 .text.SVC_Handler
                0x0800cb00       0x28 ./Middlewares/Third_Party/FreeRTOS/Source/portable/GCC/ARM_CM4F/port.o
                0x0800cb00                SVC_Handler
 .text.prvPortStartFirstTask
                0x0800cb28       0x28 ./Middlewares/Third_Party/FreeRTOS/Source/portable/GCC/ARM_CM4F/port.o
 .text.xPortStartScheduler
                0x0800cb50      0x148 ./Middlewares/Third_Party/FreeRTOS/Source/portable/GCC/ARM_CM4F/port.o
                0x0800cb50                xPortStartScheduler
 .text.vPortEnterCritical
                0x0800cc98       0x64 ./Middlewares/Third_Party/FreeRTOS/Source/portable/GCC/ARM_CM4F/port.o
                0x0800cc98                vPortEnterCritical
 .text.vPortExitCritical
                0x0800ccfc       0x54 ./Middlewares/Third_Party/FreeRTOS/Source/portable/GCC/ARM_CM4F/port.o
                0x0800ccfc                vPortExitCritical
 .text.PendSV_Handler
                0x0800cd50       0x68 ./Middlewares/Third_Party/FreeRTOS/Source/portable/GCC/ARM_CM4F/port.o
                0x0800cd50                PendSV_Handler
 .text.xPortSysTickHandler
                0x0800cdb8       0x44 ./Middlewares/Third_Party/FreeRTOS/Source/portable/GCC/ARM_CM4F/port.o
                0x0800cdb8                xPortSysTickHandler
 .text.vPortSetupTimerInterrupt
                0x0800cdfc       0x48 ./Middlewares/Third_Party/FreeRTOS/Source/portable/GCC/ARM_CM4F/port.o
                0x0800cdfc                vPortSetupTimerInterrupt
 .text.vPortEnableVFP
                0x0800ce44       0x14 ./Middlewares/Third_Party/FreeRTOS/Source/portable/GCC/ARM_CM4F/port.o
 .text.vPortValidateInterruptPriority
                0x0800ce58       0x84 ./Middlewares/Third_Party/FreeRTOS/Source/portable/GCC/ARM_CM4F/port.o
                0x0800ce58                vPortValidateInterruptPriority
 .text.pvPortMalloc
                0x0800cedc      0x19c ./Middlewares/Third_Party/FreeRTOS/Source/portable/MemMang/heap_4.o
                0x0800cedc                pvPortMalloc
 .text.vPortFree
                0x0800d078       0xc8 ./Middlewares/Third_Party/FreeRTOS/Source/portable/MemMang/heap_4.o
                0x0800d078                vPortFree
 .text.prvHeapInit
                0x0800d140       0xc4 ./Middlewares/Third_Party/FreeRTOS/Source/portable/MemMang/heap_4.o
 .text.prvInsertBlockIntoFreeList
                0x0800d204       0xb4 ./Middlewares/Third_Party/FreeRTOS/Source/portable/MemMang/heap_4.o
 .text.sprintf  0x0800d2b8       0x40 C:/ST/STM32CubeIDE_1.13.1/STM32CubeIDE/plugins/com.st.stm32cube.ide.mcu.externaltools.gnu-tools-for-stm32.12.3.rel1.win32_1.0.200.202406191623/tools/bin/../lib/gcc/arm-none-eabi/12.3.1/../../../../arm-none-eabi/lib/thumb/v7e-m+fp/hard\libc_nano.a(libc_a-sprintf.o)
                0x0800d2b8                siprintf
                0x0800d2b8                sprintf
 .text.memset   0x0800d2f8       0x10 C:/ST/STM32CubeIDE_1.13.1/STM32CubeIDE/plugins/com.st.stm32cube.ide.mcu.externaltools.gnu-tools-for-stm32.12.3.rel1.win32_1.0.200.202406191623/tools/bin/../lib/gcc/arm-none-eabi/12.3.1/../../../../arm-none-eabi/lib/thumb/v7e-m+fp/hard\libc_nano.a(libc_a-memset.o)
                0x0800d2f8                memset
 .text.strncpy  0x0800d308       0x26 C:/ST/STM32CubeIDE_1.13.1/STM32CubeIDE/plugins/com.st.stm32cube.ide.mcu.externaltools.gnu-tools-for-stm32.12.3.rel1.win32_1.0.200.202406191623/tools/bin/../lib/gcc/arm-none-eabi/12.3.1/../../../../arm-none-eabi/lib/thumb/v7e-m+fp/hard\libc_nano.a(libc_a-strncpy.o)
                0x0800d308                strncpy
 *fill*         0x0800d32e        0x2 
 .text.__errno  0x0800d330        0xc C:/ST/STM32CubeIDE_1.13.1/STM32CubeIDE/plugins/com.st.stm32cube.ide.mcu.externaltools.gnu-tools-for-stm32.12.3.rel1.win32_1.0.200.202406191623/tools/bin/../lib/gcc/arm-none-eabi/12.3.1/../../../../arm-none-eabi/lib/thumb/v7e-m+fp/hard\libc_nano.a(libc_a-errno.o)
                0x0800d330                __errno
 .text.__libc_init_array
                0x0800d33c       0x48 C:/ST/STM32CubeIDE_1.13.1/STM32CubeIDE/plugins/com.st.stm32cube.ide.mcu.externaltools.gnu-tools-for-stm32.12.3.rel1.win32_1.0.200.202406191623/tools/bin/../lib/gcc/arm-none-eabi/12.3.1/../../../../arm-none-eabi/lib/thumb/v7e-m+fp/hard\libc_nano.a(libc_a-init.o)
                0x0800d33c                __libc_init_array
 .text.__retarget_lock_acquire_recursive
                0x0800d384        0x2 C:/ST/STM32CubeIDE_1.13.1/STM32CubeIDE/plugins/com.st.stm32cube.ide.mcu.externaltools.gnu-tools-for-stm32.12.3.rel1.win32_1.0.200.202406191623/tools/bin/../lib/gcc/arm-none-eabi/12.3.1/../../../../arm-none-eabi/lib/thumb/v7e-m+fp/hard\libc_nano.a(libc_a-lock.o)
                0x0800d384                __retarget_lock_acquire_recursive
 .text.__retarget_lock_release_recursive
                0x0800d386        0x2 C:/ST/STM32CubeIDE_1.13.1/STM32CubeIDE/plugins/com.st.stm32cube.ide.mcu.externaltools.gnu-tools-for-stm32.12.3.rel1.win32_1.0.200.202406191623/tools/bin/../lib/gcc/arm-none-eabi/12.3.1/../../../../arm-none-eabi/lib/thumb/v7e-m+fp/hard\libc_nano.a(libc_a-lock.o)
                0x0800d386                __retarget_lock_release_recursive
 .text.memcpy   0x0800d388       0x1c C:/ST/STM32CubeIDE_1.13.1/STM32CubeIDE/plugins/com.st.stm32cube.ide.mcu.externaltools.gnu-tools-for-stm32.12.3.rel1.win32_1.0.200.202406191623/tools/bin/../lib/gcc/arm-none-eabi/12.3.1/../../../../arm-none-eabi/lib/thumb/v7e-m+fp/hard\libc_nano.a(libc_a-memcpy-stub.o)
                0x0800d388                memcpy
 .text._free_r  0x0800d3a4       0x94 C:/ST/STM32CubeIDE_1.13.1/STM32CubeIDE/plugins/com.st.stm32cube.ide.mcu.externaltools.gnu-tools-for-stm32.12.3.rel1.win32_1.0.200.202406191623/tools/bin/../lib/gcc/arm-none-eabi/12.3.1/../../../../arm-none-eabi/lib/thumb/v7e-m+fp/hard\libc_nano.a(libc_a-freer.o)
                0x0800d3a4                _free_r
 .text.sbrk_aligned
                0x0800d438       0x44 C:/ST/STM32CubeIDE_1.13.1/STM32CubeIDE/plugins/com.st.stm32cube.ide.mcu.externaltools.gnu-tools-for-stm32.12.3.rel1.win32_1.0.200.202406191623/tools/bin/../lib/gcc/arm-none-eabi/12.3.1/../../../../arm-none-eabi/lib/thumb/v7e-m+fp/hard\libc_nano.a(libc_a-mallocr.o)
 .text._malloc_r
                0x0800d47c      0x100 C:/ST/STM32CubeIDE_1.13.1/STM32CubeIDE/plugins/com.st.stm32cube.ide.mcu.externaltools.gnu-tools-for-stm32.12.3.rel1.win32_1.0.200.202406191623/tools/bin/../lib/gcc/arm-none-eabi/12.3.1/../../../../arm-none-eabi/lib/thumb/v7e-m+fp/hard\libc_nano.a(libc_a-mallocr.o)
                0x0800d47c                _malloc_r
 .text.__malloc_lock
                0x0800d57c        0xc C:/ST/STM32CubeIDE_1.13.1/STM32CubeIDE/plugins/com.st.stm32cube.ide.mcu.externaltools.gnu-tools-for-stm32.12.3.rel1.win32_1.0.200.202406191623/tools/bin/../lib/gcc/arm-none-eabi/12.3.1/../../../../arm-none-eabi/lib/thumb/v7e-m+fp/hard\libc_nano.a(libc_a-mlock.o)
                0x0800d57c                __malloc_lock
 .text.__malloc_unlock
                0x0800d588        0xc C:/ST/STM32CubeIDE_1.13.1/STM32CubeIDE/plugins/com.st.stm32cube.ide.mcu.externaltools.gnu-tools-for-stm32.12.3.rel1.win32_1.0.200.202406191623/tools/bin/../lib/gcc/arm-none-eabi/12.3.1/../../../../arm-none-eabi/lib/thumb/v7e-m+fp/hard\libc_nano.a(libc_a-mlock.o)
                0x0800d588                __malloc_unlock
 .text.__ssputs_r
                0x0800d594       0xb6 C:/ST/STM32CubeIDE_1.13.1/STM32CubeIDE/plugins/com.st.stm32cube.ide.mcu.externaltools.gnu-tools-for-stm32.12.3.rel1.win32_1.0.200.202406191623/tools/bin/../lib/gcc/arm-none-eabi/12.3.1/../../../../arm-none-eabi/lib/thumb/v7e-m+fp/hard\libc_nano.a(libc_a-nano-svfprintf.o)
                0x0800d594                __ssputs_r
 *fill*         0x0800d64a        0x2 
 .text._svfprintf_r
                0x0800d64c      0x1f8 C:/ST/STM32CubeIDE_1.13.1/STM32CubeIDE/plugins/com.st.stm32cube.ide.mcu.externaltools.gnu-tools-for-stm32.12.3.rel1.win32_1.0.200.202406191623/tools/bin/../lib/gcc/arm-none-eabi/12.3.1/../../../../arm-none-eabi/lib/thumb/v7e-m+fp/hard\libc_nano.a(libc_a-nano-svfprintf.o)
                0x0800d64c                _svfiprintf_r
                0x0800d64c                _svfprintf_r
 .text._printf_common
                0x0800d844       0xda C:/ST/STM32CubeIDE_1.13.1/STM32CubeIDE/plugins/com.st.stm32cube.ide.mcu.externaltools.gnu-tools-for-stm32.12.3.rel1.win32_1.0.200.202406191623/tools/bin/../lib/gcc/arm-none-eabi/12.3.1/../../../../arm-none-eabi/lib/thumb/v7e-m+fp/hard\libc_nano.a(libc_a-nano-vfprintf_i.o)
                0x0800d844                _printf_common
 *fill*         0x0800d91e        0x2 
 .text._printf_i
                0x0800d920      0x240 C:/ST/STM32CubeIDE_1.13.1/STM32CubeIDE/plugins/com.st.stm32cube.ide.mcu.externaltools.gnu-tools-for-stm32.12.3.rel1.win32_1.0.200.202406191623/tools/bin/../lib/gcc/arm-none-eabi/12.3.1/../../../../arm-none-eabi/lib/thumb/v7e-m+fp/hard\libc_nano.a(libc_a-nano-vfprintf_i.o)
                0x0800d920                _printf_i
 .text.memmove  0x0800db60       0x34 C:/ST/STM32CubeIDE_1.13.1/STM32CubeIDE/plugins/com.st.stm32cube.ide.mcu.externaltools.gnu-tools-for-stm32.12.3.rel1.win32_1.0.200.202406191623/tools/bin/../lib/gcc/arm-none-eabi/12.3.1/../../../../arm-none-eabi/lib/thumb/v7e-m+fp/hard\libc_nano.a(libc_a-memmove.o)
                0x0800db60                memmove
 .text._sbrk_r  0x0800db94       0x20 C:/ST/STM32CubeIDE_1.13.1/STM32CubeIDE/plugins/com.st.stm32cube.ide.mcu.externaltools.gnu-tools-for-stm32.12.3.rel1.win32_1.0.200.202406191623/tools/bin/../lib/gcc/arm-none-eabi/12.3.1/../../../../arm-none-eabi/lib/thumb/v7e-m+fp/hard\libc_nano.a(libc_a-sbrkr.o)
                0x0800db94                _sbrk_r
 .text._realloc_r
                0x0800dbb4       0x5c C:/ST/STM32CubeIDE_1.13.1/STM32CubeIDE/plugins/com.st.stm32cube.ide.mcu.externaltools.gnu-tools-for-stm32.12.3.rel1.win32_1.0.200.202406191623/tools/bin/../lib/gcc/arm-none-eabi/12.3.1/../../../../arm-none-eabi/lib/thumb/v7e-m+fp/hard\libc_nano.a(libc_a-reallocr.o)
                0x0800dbb4                _realloc_r
 .text._malloc_usable_size_r
                0x0800dc10       0x10 C:/ST/STM32CubeIDE_1.13.1/STM32CubeIDE/plugins/com.st.stm32cube.ide.mcu.externaltools.gnu-tools-for-stm32.12.3.rel1.win32_1.0.200.202406191623/tools/bin/../lib/gcc/arm-none-eabi/12.3.1/../../../../arm-none-eabi/lib/thumb/v7e-m+fp/hard\libc_nano.a(libc_a-msizer.o)
                0x0800dc10                _malloc_usable_size_r
 .text.fmax     0x0800dc20       0x54 C:/ST/STM32CubeIDE_1.13.1/STM32CubeIDE/plugins/com.st.stm32cube.ide.mcu.externaltools.gnu-tools-for-stm32.12.3.rel1.win32_1.0.200.202406191623/tools/bin/../lib/gcc/arm-none-eabi/12.3.1/../../../../arm-none-eabi/lib/thumb/v7e-m+fp/hard\libm.a(libm_a-s_fmax.o)
                0x0800dc20                fmax
 .text.__fpclassifyd
                0x0800dc74       0x54 C:/ST/STM32CubeIDE_1.13.1/STM32CubeIDE/plugins/com.st.stm32cube.ide.mcu.externaltools.gnu-tools-for-stm32.12.3.rel1.win32_1.0.200.202406191623/tools/bin/../lib/gcc/arm-none-eabi/12.3.1/../../../../arm-none-eabi/lib/thumb/v7e-m+fp/hard\libm.a(libm_a-s_fpclassify.o)
                0x0800dc74                __fpclassifyd
 *(.glue_7)
 .glue_7        0x0800dcc8        0x0 linker stubs
 *(.glue_7t)
 .glue_7t       0x0800dcc8        0x0 linker stubs
 *(.eh_frame)
 .eh_frame      0x0800dcc8        0x0 C:/ST/STM32CubeIDE_1.13.1/STM32CubeIDE/plugins/com.st.stm32cube.ide.mcu.externaltools.gnu-tools-for-stm32.12.3.rel1.win32_1.0.200.202406191623/tools/bin/../lib/gcc/arm-none-eabi/12.3.1/thumb/v7e-m+fp/hard/crtbegin.o
 *(.init)
 .init          0x0800dcc8        0x4 C:/ST/STM32CubeIDE_1.13.1/STM32CubeIDE/plugins/com.st.stm32cube.ide.mcu.externaltools.gnu-tools-for-stm32.12.3.rel1.win32_1.0.200.202406191623/tools/bin/../lib/gcc/arm-none-eabi/12.3.1/thumb/v7e-m+fp/hard/crti.o
                0x0800dcc8                _init
 .init          0x0800dccc        0x8 C:/ST/STM32CubeIDE_1.13.1/STM32CubeIDE/plugins/com.st.stm32cube.ide.mcu.externaltools.gnu-tools-for-stm32.12.3.rel1.win32_1.0.200.202406191623/tools/bin/../lib/gcc/arm-none-eabi/12.3.1/thumb/v7e-m+fp/hard/crtn.o
 *(.fini)
 .fini          0x0800dcd4        0x4 C:/ST/STM32CubeIDE_1.13.1/STM32CubeIDE/plugins/com.st.stm32cube.ide.mcu.externaltools.gnu-tools-for-stm32.12.3.rel1.win32_1.0.200.202406191623/tools/bin/../lib/gcc/arm-none-eabi/12.3.1/thumb/v7e-m+fp/hard/crti.o
                0x0800dcd4                _fini
 .fini          0x0800dcd8        0x8 C:/ST/STM32CubeIDE_1.13.1/STM32CubeIDE/plugins/com.st.stm32cube.ide.mcu.externaltools.gnu-tools-for-stm32.12.3.rel1.win32_1.0.200.202406191623/tools/bin/../lib/gcc/arm-none-eabi/12.3.1/thumb/v7e-m+fp/hard/crtn.o
                0x0800dce0                        . = ALIGN (0x4)
                0x0800dce0                        _etext = .

.vfp11_veneer   0x0800dce0        0x0
 .vfp11_veneer  0x0800dce0        0x0 linker stubs

.v4_bx          0x0800dce0        0x0
 .v4_bx         0x0800dce0        0x0 linker stubs

.iplt           0x0800dce0        0x0
 .iplt          0x0800dce0        0x0 C:/ST/STM32CubeIDE_1.13.1/STM32CubeIDE/plugins/com.st.stm32cube.ide.mcu.externaltools.gnu-tools-for-stm32.12.3.rel1.win32_1.0.200.202406191623/tools/bin/../lib/gcc/arm-none-eabi/12.3.1/thumb/v7e-m+fp/hard/crtbegin.o

.rodata         0x0800dce0      0xdbc
                0x0800dce0                        . = ALIGN (0x4)
 *(.rodata)
 .rodata        0x0800dce0      0x173 ./Core/Src/main.o
 *fill*         0x0800de53        0x1 
 .rodata        0x0800de54        0x5 ./Middlewares/Third_Party/FreeRTOS/Source/tasks.o
 *fill*         0x0800de59        0x3 
 .rodata        0x0800de5c        0xd ./Middlewares/Third_Party/FreeRTOS/Source/timers.o
 *(.rodata*)
 *fill*         0x0800de69        0x3 
 .rodata.defaultTask_attributes
                0x0800de6c       0x24 ./Core/Src/main.o
                0x0800de6c                defaultTask_attributes
 .rodata.DCMotor_attributes
                0x0800de90       0x24 ./Core/Src/main.o
                0x0800de90                DCMotor_attributes
 .rodata.RefreshOLED_attributes
                0x0800deb4       0x24 ./Core/Src/main.o
                0x0800deb4                RefreshOLED_attributes
 .rodata.EncoderMotorA_attributes
                0x0800ded8       0x24 ./Core/Src/main.o
                0x0800ded8                EncoderMotorA_attributes
 .rodata.EncoderMotorB_attributes
                0x0800defc       0x24 ./Core/Src/main.o
                0x0800defc                EncoderMotorB_attributes
 .rodata.UART_Command_RX_attributes
                0x0800df20       0x24 ./Core/Src/main.o
                0x0800df20                UART_Command_RX_attributes
 .rodata.Gyrohandle_attributes
                0x0800df44       0x24 ./Core/Src/main.o
                0x0800df44                Gyrohandle_attributes
 .rodata.IRsensortask_attributes
                0x0800df68       0x24 ./Core/Src/main.o
                0x0800df68                IRsensortask_attributes
 .rodata.TEST_attributes
                0x0800df8c       0x24 ./Core/Src/main.o
                0x0800df8c                TEST_attributes
 .rodata.Task2_attributes
                0x0800dfb0       0x24 ./Core/Src/main.o
                0x0800dfb0                Task2_attributes
 .rodata.UltrasoundQueue_attributes
                0x0800dfd4       0x18 ./Core/Src/main.o
                0x0800dfd4                UltrasoundQueue_attributes
 .rodata.oled_asc2_1206
                0x0800dfec      0x474 ./Core/Src/oled.o
                0x0800dfec                oled_asc2_1206
 .rodata.oled_asc2_1608
                0x0800e460      0x5f0 ./Core/Src/oled.o
                0x0800e460                oled_asc2_1608
 .rodata.AHBPrescTable
                0x0800ea50       0x10 ./Core/Src/system_stm32f4xx.o
                0x0800ea50                AHBPrescTable
 .rodata.APBPrescTable
                0x0800ea60        0x8 ./Core/Src/system_stm32f4xx.o
                0x0800ea60                APBPrescTable
 .rodata._svfprintf_r.str1.1
                0x0800ea68       0x11 C:/ST/STM32CubeIDE_1.13.1/STM32CubeIDE/plugins/com.st.stm32cube.ide.mcu.externaltools.gnu-tools-for-stm32.12.3.rel1.win32_1.0.200.202406191623/tools/bin/../lib/gcc/arm-none-eabi/12.3.1/../../../../arm-none-eabi/lib/thumb/v7e-m+fp/hard\libc_nano.a(libc_a-nano-svfprintf.o)
 .rodata._printf_i.str1.1
                0x0800ea79       0x22 C:/ST/STM32CubeIDE_1.13.1/STM32CubeIDE/plugins/com.st.stm32cube.ide.mcu.externaltools.gnu-tools-for-stm32.12.3.rel1.win32_1.0.200.202406191623/tools/bin/../lib/gcc/arm-none-eabi/12.3.1/../../../../arm-none-eabi/lib/thumb/v7e-m+fp/hard\libc_nano.a(libc_a-nano-vfprintf_i.o)
                0x0800ea9c                        . = ALIGN (0x4)
 *fill*         0x0800ea9b        0x1 

.ARM.extab      0x0800ea9c        0x0
                0x0800ea9c                        . = ALIGN (0x4)
 *(.ARM.extab* .gnu.linkonce.armextab.*)
                0x0800ea9c                        . = ALIGN (0x4)

.ARM            0x0800ea9c        0x8
                0x0800ea9c                        . = ALIGN (0x4)
                0x0800ea9c                        __exidx_start = .
 *(.ARM.exidx*)
 .ARM.exidx     0x0800ea9c        0x8 C:/ST/STM32CubeIDE_1.13.1/STM32CubeIDE/plugins/com.st.stm32cube.ide.mcu.externaltools.gnu-tools-for-stm32.12.3.rel1.win32_1.0.200.202406191623/tools/bin/../lib/gcc/arm-none-eabi/12.3.1/../../../../arm-none-eabi/lib/thumb/v7e-m+fp/hard\libc_nano.a(libc_a-strcmp.o)
 .ARM.exidx     0x0800eaa4        0x0 C:/ST/STM32CubeIDE_1.13.1/STM32CubeIDE/plugins/com.st.stm32cube.ide.mcu.externaltools.gnu-tools-for-stm32.12.3.rel1.win32_1.0.200.202406191623/tools/bin/../lib/gcc/arm-none-eabi/12.3.1/../../../../arm-none-eabi/lib/thumb/v7e-m+fp/hard\libc_nano.a(libc_a-memchr.o)
                                  0x8 (size before relaxing)
 .ARM.exidx     0x0800eaa4        0x0 C:/ST/STM32CubeIDE_1.13.1/STM32CubeIDE/plugins/com.st.stm32cube.ide.mcu.externaltools.gnu-tools-for-stm32.12.3.rel1.win32_1.0.200.202406191623/tools/bin/../lib/gcc/arm-none-eabi/12.3.1/thumb/v7e-m+fp/hard\libgcc.a(_udivmoddi4.o)
                                  0x8 (size before relaxing)
                0x0800eaa4                        __exidx_end = .
                0x0800eaa4                        . = ALIGN (0x4)

.rel.dyn        0x0800eaa4        0x0
 .rel.iplt      0x0800eaa4        0x0 C:/ST/STM32CubeIDE_1.13.1/STM32CubeIDE/plugins/com.st.stm32cube.ide.mcu.externaltools.gnu-tools-for-stm32.12.3.rel1.win32_1.0.200.202406191623/tools/bin/../lib/gcc/arm-none-eabi/12.3.1/thumb/v7e-m+fp/hard/crtbegin.o

.preinit_array  0x0800eaa4        0x0
                0x0800eaa4                        . = ALIGN (0x4)
                0x0800eaa4                        PROVIDE (__preinit_array_start = .)
 *(.preinit_array*)
                0x0800eaa4                        PROVIDE (__preinit_array_end = .)
                0x0800eaa4                        . = ALIGN (0x4)

.init_array     0x0800eaa4        0x4
                0x0800eaa4                        . = ALIGN (0x4)
                0x0800eaa4                        PROVIDE (__init_array_start = .)
 *(SORT_BY_NAME(.init_array.*))
 *(.init_array*)
 .init_array    0x0800eaa4        0x4 C:/ST/STM32CubeIDE_1.13.1/STM32CubeIDE/plugins/com.st.stm32cube.ide.mcu.externaltools.gnu-tools-for-stm32.12.3.rel1.win32_1.0.200.202406191623/tools/bin/../lib/gcc/arm-none-eabi/12.3.1/thumb/v7e-m+fp/hard/crtbegin.o
                0x0800eaa8                        PROVIDE (__init_array_end = .)
                0x0800eaa8                        . = ALIGN (0x4)

.fini_array     0x0800eaa8        0x4
                0x0800eaa8                        . = ALIGN (0x4)
                [!provide]                        PROVIDE (__fini_array_start = .)
 *(SORT_BY_NAME(.fini_array.*))
 *(.fini_array*)
 .fini_array    0x0800eaa8        0x4 C:/ST/STM32CubeIDE_1.13.1/STM32CubeIDE/plugins/com.st.stm32cube.ide.mcu.externaltools.gnu-tools-for-stm32.12.3.rel1.win32_1.0.200.202406191623/tools/bin/../lib/gcc/arm-none-eabi/12.3.1/thumb/v7e-m+fp/hard/crtbegin.o
                [!provide]                        PROVIDE (__fini_array_end = .)
                0x0800eaac                        . = ALIGN (0x4)
                0x0800eaac                        _sidata = LOADADDR (.data)

.data           0x20000000       0x78 load address 0x0800eaac
                0x20000000                        . = ALIGN (0x4)
                0x20000000                        _sdata = .
 *(.data)
 *(.data*)
 .data.ICMAddr  0x20000000        0x1 ./Core/Src/main.o
                0x20000000                ICMAddr
 *fill*         0x20000001        0x3 
 .data.PWM_MAX  0x20000004        0x4 ./Core/Src/main.o
                0x20000004                PWM_MAX
 .data.totalDist
                0x20000008        0x4 ./Core/Src/main.o
                0x20000008                totalDist
 .data.turning  0x2000000c        0x4 ./Core/Src/main.o
                0x2000000c                turning
 .data.dir      0x20000010        0x4 ./Core/Src/main.o
                0x20000010                dir
 .data.Distance
                0x20000014        0x1 ./Core/Src/main.o
                0x20000014                Distance
 *fill*         0x20000015        0x3 
 .data.SystemCoreClock
                0x20000018        0x4 ./Core/Src/system_stm32f4xx.o
                0x20000018                SystemCoreClock
 .data.uwTickPrio
                0x2000001c        0x4 ./Drivers/STM32F4xx_HAL_Driver/Src/stm32f4xx_hal.o
                0x2000001c                uwTickPrio
 .data.uwTickFreq
                0x20000020        0x1 ./Drivers/STM32F4xx_HAL_Driver/Src/stm32f4xx_hal.o
                0x20000020                uwTickFreq
 *fill*         0x20000021        0x3 
 .data.uxCriticalNesting
                0x20000024        0x4 ./Middlewares/Third_Party/FreeRTOS/Source/portable/GCC/ARM_CM4F/port.o
 .data._impure_ptr
                0x20000028        0x4 C:/ST/STM32CubeIDE_1.13.1/STM32CubeIDE/plugins/com.st.stm32cube.ide.mcu.externaltools.gnu-tools-for-stm32.12.3.rel1.win32_1.0.200.202406191623/tools/bin/../lib/gcc/arm-none-eabi/12.3.1/../../../../arm-none-eabi/lib/thumb/v7e-m+fp/hard\libc_nano.a(libc_a-impure.o)
                0x20000028                _impure_ptr
 .data._impure_data
                0x2000002c       0x4c C:/ST/STM32CubeIDE_1.13.1/STM32CubeIDE/plugins/com.st.stm32cube.ide.mcu.externaltools.gnu-tools-for-stm32.12.3.rel1.win32_1.0.200.202406191623/tools/bin/../lib/gcc/arm-none-eabi/12.3.1/../../../../arm-none-eabi/lib/thumb/v7e-m+fp/hard\libc_nano.a(libc_a-impure.o)
                0x2000002c                _impure_data
 *(.RamFunc)
 *(.RamFunc*)
                0x20000078                        . = ALIGN (0x4)
                0x20000078                        _edata = .
                0x0800eb24                        _siccmram = LOADADDR (.ccmram)

.igot.plt       0x20000078        0x0 load address 0x0800eb24
 .igot.plt      0x20000078        0x0 C:/ST/STM32CubeIDE_1.13.1/STM32CubeIDE/plugins/com.st.stm32cube.ide.mcu.externaltools.gnu-tools-for-stm32.12.3.rel1.win32_1.0.200.202406191623/tools/bin/../lib/gcc/arm-none-eabi/12.3.1/thumb/v7e-m+fp/hard/crtbegin.o

.ccmram         0x10000000        0x0 load address 0x0800eb24
                0x10000000                        . = ALIGN (0x4)
                0x10000000                        _sccmram = .
 *(.ccmram)
 *(.ccmram*)
                0x10000000                        . = ALIGN (0x4)
                0x10000000                        _eccmram = .
                0x10000000                        . = ALIGN (0x4)

.bss            0x20000078     0x5298
                0x20000078                        _sbss = .
                0x20000078                        __bss_start__ = _sbss
 *(.bss)
 .bss           0x20000078       0x1c C:/ST/STM32CubeIDE_1.13.1/STM32CubeIDE/plugins/com.st.stm32cube.ide.mcu.externaltools.gnu-tools-for-stm32.12.3.rel1.win32_1.0.200.202406191623/tools/bin/../lib/gcc/arm-none-eabi/12.3.1/thumb/v7e-m+fp/hard/crtbegin.o
 *(.bss*)
 .bss.hadc2     0x20000094       0x48 ./Core/Src/main.o
                0x20000094                hadc2
 .bss.hadc3     0x200000dc       0x48 ./Core/Src/main.o
                0x200000dc                hadc3
 .bss.hi2c1     0x20000124       0x54 ./Core/Src/main.o
                0x20000124                hi2c1
 .bss.hiwdg     0x20000178        0xc ./Core/Src/main.o
                0x20000178                hiwdg
 .bss.htim1     0x20000184       0x48 ./Core/Src/main.o
                0x20000184                htim1
 .bss.htim2     0x200001cc       0x48 ./Core/Src/main.o
                0x200001cc                htim2
 .bss.htim4     0x20000214       0x48 ./Core/Src/main.o
                0x20000214                htim4
 .bss.htim5     0x2000025c       0x48 ./Core/Src/main.o
                0x2000025c                htim5
 .bss.htim8     0x200002a4       0x48 ./Core/Src/main.o
                0x200002a4                htim8
 .bss.huart3    0x200002ec       0x48 ./Core/Src/main.o
                0x200002ec                huart3
 .bss.defaultTaskHandle
                0x20000334        0x4 ./Core/Src/main.o
                0x20000334                defaultTaskHandle
 .bss.DCMotorHandle
                0x20000338        0x4 ./Core/Src/main.o
                0x20000338                DCMotorHandle
 .bss.RefreshOLEDHandle
                0x2000033c        0x4 ./Core/Src/main.o
                0x2000033c                RefreshOLEDHandle
 .bss.EncoderMotorAHandle
                0x20000340        0x4 ./Core/Src/main.o
                0x20000340                EncoderMotorAHandle
 .bss.EncoderMotorBHandle
                0x20000344        0x4 ./Core/Src/main.o
                0x20000344                EncoderMotorBHandle
 .bss.UART_Command_RXHandle
                0x20000348        0x4 ./Core/Src/main.o
                0x20000348                UART_Command_RXHandle
 .bss.GyrohandleHandle
                0x2000034c        0x4 ./Core/Src/main.o
                0x2000034c                GyrohandleHandle
 .bss.IRsensortaskHandle
                0x20000350        0x4 ./Core/Src/main.o
                0x20000350                IRsensortaskHandle
 .bss.TESTHandle
                0x20000354        0x4 ./Core/Src/main.o
                0x20000354                TESTHandle
 .bss.Task2Handle
                0x20000358        0x4 ./Core/Src/main.o
                0x20000358                Task2Handle
 .bss.UltrasoundQueueHandle
                0x2000035c        0x4 ./Core/Src/main.o
                0x2000035c                UltrasoundQueueHandle
 .bss.aRxBuffer
                0x20000360        0x4 ./Core/Src/main.o
                0x20000360                aRxBuffer
 .bss.oledRow0  0x20000364       0x14 ./Core/Src/main.o
                0x20000364                oledRow0
 .bss.oledRow1  0x20000378       0x14 ./Core/Src/main.o
                0x20000378                oledRow1
 .bss.oledRow2  0x2000038c       0x14 ./Core/Src/main.o
                0x2000038c                oledRow2
 .bss.oledRow3  0x200003a0       0x14 ./Core/Src/main.o
                0x200003a0                oledRow3
 .bss.oledRow4  0x200003b4       0x14 ./Core/Src/main.o
                0x200003b4                oledRow4
 .bss.oledRow5  0x200003c8       0x14 ./Core/Src/main.o
                0x200003c8                oledRow5
 .bss.buff      0x200003dc       0x14 ./Core/Src/main.o
                0x200003dc                buff
 .bss.turningAngle
                0x200003f0        0x8 ./Core/Src/main.o
                0x200003f0                turningAngle
 .bss.GlobalAngle
                0x200003f8        0x8 ./Core/Src/main.o
                0x200003f8                GlobalAngle
 .bss.prevTick  0x20000400        0x4 ./Core/Src/main.o
                0x20000400                prevTick
 .bss.angularSpeed
                0x20000404        0x2 ./Core/Src/main.o
                0x20000404                angularSpeed
 *fill*         0x20000406        0x2 
 .bss.correction
                0x20000408        0x8 ./Core/Src/main.o
                0x20000408                correction
 .bss.stop      0x20000410        0x4 ./Core/Src/main.o
                0x20000410                stop
 .bss.totalDistA
                0x20000414        0x4 ./Core/Src/main.o
                0x20000414                totalDistA
 .bss.cmd       0x20000418        0x3 ./Core/Src/main.o
                0x20000418                cmd
 *fill*         0x2000041b        0x1 
 .bss.hello     0x2000041c        0x7 ./Core/Src/main.o
                0x2000041c                hello
 *fill*         0x20000423        0x1 
 .bss.received  0x20000424        0x4 ./Core/Src/main.o
                0x20000424                received
 .bss.input     0x20000428        0x4 ./Core/Src/main.o
                0x20000428                input
 .bss.diffA     0x2000042c        0x4 ./Core/Src/main.o
                0x2000042c                diffA
 .bss.diffB     0x20000430        0x4 ./Core/Src/main.o
                0x20000430                diffB
 .bss.pwmValB   0x20000434        0x4 ./Core/Src/main.o
                0x20000434                pwmValB
 .bss.pwmValA   0x20000438        0x4 ./Core/Src/main.o
                0x20000438                pwmValA
 .bss.millisOldA
                0x2000043c        0x4 ./Core/Src/main.o
                0x2000043c                millisOldA
 .bss.errorOldA
                0x20000440        0x4 ./Core/Src/main.o
                0x20000440                errorOldA
 .bss.errorAreaA
                0x20000444        0x4 ./Core/Src/main.o
                0x20000444                errorAreaA
 .bss.millisOldB
                0x20000448        0x4 ./Core/Src/main.o
                0x20000448                millisOldB
 .bss.errorOldB
                0x2000044c        0x4 ./Core/Src/main.o
                0x2000044c                errorOldB
 .bss.errorAreaB
                0x20000450        0x4 ./Core/Src/main.o
                0x20000450                errorAreaB
 .bss.targetCount
                0x20000454        0x4 ./Core/Src/main.o
                0x20000454                targetCount
 .bss.targetAngle
                0x20000458        0x8 ./Core/Src/main.o
                0x20000458                targetAngle
 .bss.IC_Val1   0x20000460        0x4 ./Core/Src/main.o
                0x20000460                IC_Val1
 .bss.IC_Val2   0x20000464        0x4 ./Core/Src/main.o
                0x20000464                IC_Val2
 .bss.Difference
                0x20000468        0x4 ./Core/Src/main.o
                0x20000468                Difference
 .bss.Is_First_Captured
                0x2000046c        0x1 ./Core/Src/main.o
                0x2000046c                Is_First_Captured
 .bss.start     0x2000046d        0x1 ./Core/Src/main.o
                0x2000046d                start
 .bss.isDone    0x2000046e        0x1 ./Core/Src/main.o
                0x2000046e                isDone
 *fill*         0x2000046f        0x1 
 .bss.OLED_GRAM
                0x20000470      0x400 ./Core/Src/oled.o
                0x20000470                OLED_GRAM
 .bss.__sbrk_heap_end
                0x20000870        0x4 ./Core/Src/sysmem.o
 .bss.uwTick    0x20000874        0x4 ./Drivers/STM32F4xx_HAL_Driver/Src/stm32f4xx_hal.o
                0x20000874                uwTick
 .bss.KernelState
                0x20000878        0x4 ./Middlewares/Third_Party/FreeRTOS/Source/CMSIS_RTOS_V2/cmsis_os2.o
 .bss.Idle_TCB.3
                0x2000087c       0x5c ./Middlewares/Third_Party/FreeRTOS/Source/CMSIS_RTOS_V2/cmsis_os2.o
 .bss.Idle_Stack.2
                0x200008d8      0x200 ./Middlewares/Third_Party/FreeRTOS/Source/CMSIS_RTOS_V2/cmsis_os2.o
 .bss.Timer_TCB.1
                0x20000ad8       0x5c ./Middlewares/Third_Party/FreeRTOS/Source/CMSIS_RTOS_V2/cmsis_os2.o
 .bss.Timer_Stack.0
                0x20000b34      0x400 ./Middlewares/Third_Party/FreeRTOS/Source/CMSIS_RTOS_V2/cmsis_os2.o
 .bss.xQueueRegistry
                0x20000f34       0x40 ./Middlewares/Third_Party/FreeRTOS/Source/queue.o
                0x20000f34                xQueueRegistry
 .bss.pxCurrentTCB
                0x20000f74        0x4 ./Middlewares/Third_Party/FreeRTOS/Source/tasks.o
                0x20000f74                pxCurrentTCB
 .bss.pxReadyTasksLists
                0x20000f78      0x460 ./Middlewares/Third_Party/FreeRTOS/Source/tasks.o
 .bss.xDelayedTaskList1
                0x200013d8       0x14 ./Middlewares/Third_Party/FreeRTOS/Source/tasks.o
 .bss.xDelayedTaskList2
                0x200013ec       0x14 ./Middlewares/Third_Party/FreeRTOS/Source/tasks.o
 .bss.pxDelayedTaskList
                0x20001400        0x4 ./Middlewares/Third_Party/FreeRTOS/Source/tasks.o
 .bss.pxOverflowDelayedTaskList
                0x20001404        0x4 ./Middlewares/Third_Party/FreeRTOS/Source/tasks.o
 .bss.xPendingReadyList
                0x20001408       0x14 ./Middlewares/Third_Party/FreeRTOS/Source/tasks.o
 .bss.xTasksWaitingTermination
                0x2000141c       0x14 ./Middlewares/Third_Party/FreeRTOS/Source/tasks.o
 .bss.uxDeletedTasksWaitingCleanUp
                0x20001430        0x4 ./Middlewares/Third_Party/FreeRTOS/Source/tasks.o
 .bss.xSuspendedTaskList
                0x20001434       0x14 ./Middlewares/Third_Party/FreeRTOS/Source/tasks.o
 .bss.uxCurrentNumberOfTasks
                0x20001448        0x4 ./Middlewares/Third_Party/FreeRTOS/Source/tasks.o
 .bss.xTickCount
                0x2000144c        0x4 ./Middlewares/Third_Party/FreeRTOS/Source/tasks.o
 .bss.uxTopReadyPriority
                0x20001450        0x4 ./Middlewares/Third_Party/FreeRTOS/Source/tasks.o
 .bss.xSchedulerRunning
                0x20001454        0x4 ./Middlewares/Third_Party/FreeRTOS/Source/tasks.o
 .bss.xPendedTicks
                0x20001458        0x4 ./Middlewares/Third_Party/FreeRTOS/Source/tasks.o
 .bss.xYieldPending
                0x2000145c        0x4 ./Middlewares/Third_Party/FreeRTOS/Source/tasks.o
 .bss.xNumOfOverflows
                0x20001460        0x4 ./Middlewares/Third_Party/FreeRTOS/Source/tasks.o
 .bss.uxTaskNumber
                0x20001464        0x4 ./Middlewares/Third_Party/FreeRTOS/Source/tasks.o
 .bss.xNextTaskUnblockTime
                0x20001468        0x4 ./Middlewares/Third_Party/FreeRTOS/Source/tasks.o
 .bss.xIdleTaskHandle
                0x2000146c        0x4 ./Middlewares/Third_Party/FreeRTOS/Source/tasks.o
 .bss.uxSchedulerSuspended
                0x20001470        0x4 ./Middlewares/Third_Party/FreeRTOS/Source/tasks.o
 .bss.xActiveTimerList1
                0x20001474       0x14 ./Middlewares/Third_Party/FreeRTOS/Source/timers.o
 .bss.xActiveTimerList2
                0x20001488       0x14 ./Middlewares/Third_Party/FreeRTOS/Source/timers.o
 .bss.pxCurrentTimerList
                0x2000149c        0x4 ./Middlewares/Third_Party/FreeRTOS/Source/timers.o
 .bss.pxOverflowTimerList
                0x200014a0        0x4 ./Middlewares/Third_Party/FreeRTOS/Source/timers.o
 .bss.xTimerQueue
                0x200014a4        0x4 ./Middlewares/Third_Party/FreeRTOS/Source/timers.o
 .bss.xTimerTaskHandle
                0x200014a8        0x4 ./Middlewares/Third_Party/FreeRTOS/Source/timers.o
 .bss.xLastTime.2
                0x200014ac        0x4 ./Middlewares/Third_Party/FreeRTOS/Source/timers.o
 .bss.ucStaticTimerQueueStorage.1
                0x200014b0       0xa0 ./Middlewares/Third_Party/FreeRTOS/Source/timers.o
 .bss.xStaticTimerQueue.0
                0x20001550       0x50 ./Middlewares/Third_Party/FreeRTOS/Source/timers.o
 .bss.ucMaxSysCallPriority
                0x200015a0        0x1 ./Middlewares/Third_Party/FreeRTOS/Source/portable/GCC/ARM_CM4F/port.o
 *fill*         0x200015a1        0x3 
 .bss.ulMaxPRIGROUPValue
                0x200015a4        0x4 ./Middlewares/Third_Party/FreeRTOS/Source/portable/GCC/ARM_CM4F/port.o
 .bss.ucHeap    0x200015a8     0x3c00 ./Middlewares/Third_Party/FreeRTOS/Source/portable/MemMang/heap_4.o
 .bss.xStart    0x200051a8        0x8 ./Middlewares/Third_Party/FreeRTOS/Source/portable/MemMang/heap_4.o
 .bss.pxEnd     0x200051b0        0x4 ./Middlewares/Third_Party/FreeRTOS/Source/portable/MemMang/heap_4.o
 .bss.xFreeBytesRemaining
                0x200051b4        0x4 ./Middlewares/Third_Party/FreeRTOS/Source/portable/MemMang/heap_4.o
 .bss.xMinimumEverFreeBytesRemaining
                0x200051b8        0x4 ./Middlewares/Third_Party/FreeRTOS/Source/portable/MemMang/heap_4.o
 .bss.xNumberOfSuccessfulAllocations
                0x200051bc        0x4 ./Middlewares/Third_Party/FreeRTOS/Source/portable/MemMang/heap_4.o
 .bss.xNumberOfSuccessfulFrees
                0x200051c0        0x4 ./Middlewares/Third_Party/FreeRTOS/Source/portable/MemMang/heap_4.o
 .bss.xBlockAllocatedBit
                0x200051c4        0x4 ./Middlewares/Third_Party/FreeRTOS/Source/portable/MemMang/heap_4.o
 .bss.__sf      0x200051c8      0x138 C:/ST/STM32CubeIDE_1.13.1/STM32CubeIDE/plugins/com.st.stm32cube.ide.mcu.externaltools.gnu-tools-for-stm32.12.3.rel1.win32_1.0.200.202406191623/tools/bin/../lib/gcc/arm-none-eabi/12.3.1/../../../../arm-none-eabi/lib/thumb/v7e-m+fp/hard\libc_nano.a(libc_a-findfp.o)
                0x200051c8                __sf
 .bss.errno     0x20005300        0x4 C:/ST/STM32CubeIDE_1.13.1/STM32CubeIDE/plugins/com.st.stm32cube.ide.mcu.externaltools.gnu-tools-for-stm32.12.3.rel1.win32_1.0.200.202406191623/tools/bin/../lib/gcc/arm-none-eabi/12.3.1/../../../../arm-none-eabi/lib/thumb/v7e-m+fp/hard\libc_nano.a(libc_a-reent.o)
                0x20005300                errno
 .bss.__lock___malloc_recursive_mutex
                0x20005304        0x1 C:/ST/STM32CubeIDE_1.13.1/STM32CubeIDE/plugins/com.st.stm32cube.ide.mcu.externaltools.gnu-tools-for-stm32.12.3.rel1.win32_1.0.200.202406191623/tools/bin/../lib/gcc/arm-none-eabi/12.3.1/../../../../arm-none-eabi/lib/thumb/v7e-m+fp/hard\libc_nano.a(libc_a-lock.o)
                0x20005304                __lock___malloc_recursive_mutex
 *fill*         0x20005305        0x3 
 .bss.__malloc_sbrk_start
                0x20005308        0x4 C:/ST/STM32CubeIDE_1.13.1/STM32CubeIDE/plugins/com.st.stm32cube.ide.mcu.externaltools.gnu-tools-for-stm32.12.3.rel1.win32_1.0.200.202406191623/tools/bin/../lib/gcc/arm-none-eabi/12.3.1/../../../../arm-none-eabi/lib/thumb/v7e-m+fp/hard\libc_nano.a(libc_a-mallocr.o)
                0x20005308                __malloc_sbrk_start
 .bss.__malloc_free_list
                0x2000530c        0x4 C:/ST/STM32CubeIDE_1.13.1/STM32CubeIDE/plugins/com.st.stm32cube.ide.mcu.externaltools.gnu-tools-for-stm32.12.3.rel1.win32_1.0.200.202406191623/tools/bin/../lib/gcc/arm-none-eabi/12.3.1/../../../../arm-none-eabi/lib/thumb/v7e-m+fp/hard\libc_nano.a(libc_a-mallocr.o)
                0x2000530c                __malloc_free_list
 *(COMMON)
                0x20005310                        . = ALIGN (0x4)
                0x20005310                        _ebss = .
                0x20005310                        __bss_end__ = _ebss

._user_heap_stack
                0x20005310      0x600
                0x20005310                        . = ALIGN (0x8)
                [!provide]                        PROVIDE (end = .)
                0x20005310                        PROVIDE (_end = .)
                0x20005510                        . = (. + _Min_Heap_Size)
 *fill*         0x20005310      0x200 
                0x20005910                        . = (. + _Min_Stack_Size)
 *fill*         0x20005510      0x400 
                0x20005910                        . = ALIGN (0x8)

/DISCARD/
 libc.a(*)
 libm.a(*)
 libgcc.a(*)

.ARM.attributes
                0x00000000       0x30
 *(.ARM.attributes)
 .ARM.attributes
                0x00000000       0x22 C:/ST/STM32CubeIDE_1.13.1/STM32CubeIDE/plugins/com.st.stm32cube.ide.mcu.externaltools.gnu-tools-for-stm32.12.3.rel1.win32_1.0.200.202406191623/tools/bin/../lib/gcc/arm-none-eabi/12.3.1/thumb/v7e-m+fp/hard/crti.o
 .ARM.attributes
                0x00000022       0x34 C:/ST/STM32CubeIDE_1.13.1/STM32CubeIDE/plugins/com.st.stm32cube.ide.mcu.externaltools.gnu-tools-for-stm32.12.3.rel1.win32_1.0.200.202406191623/tools/bin/../lib/gcc/arm-none-eabi/12.3.1/thumb/v7e-m+fp/hard/crtbegin.o
 .ARM.attributes
                0x00000056       0x34 ./Core/Src/main.o
 .ARM.attributes
                0x0000008a       0x34 ./Core/Src/oled.o
 .ARM.attributes
                0x000000be       0x34 ./Core/Src/stm32f4xx_hal_msp.o
 .ARM.attributes
                0x000000f2       0x34 ./Core/Src/stm32f4xx_it.o
 .ARM.attributes
                0x00000126       0x34 ./Core/Src/sysmem.o
 .ARM.attributes
                0x0000015a       0x34 ./Core/Src/system_stm32f4xx.o
 .ARM.attributes
                0x0000018e       0x21 ./Core/Startup/startup_stm32f407vetx.o
 .ARM.attributes
                0x000001af       0x34 ./Drivers/STM32F4xx_HAL_Driver/Src/stm32f4xx_hal.o
 .ARM.attributes
                0x000001e3       0x34 ./Drivers/STM32F4xx_HAL_Driver/Src/stm32f4xx_hal_adc.o
 .ARM.attributes
                0x00000217       0x34 ./Drivers/STM32F4xx_HAL_Driver/Src/stm32f4xx_hal_cortex.o
 .ARM.attributes
                0x0000024b       0x34 ./Drivers/STM32F4xx_HAL_Driver/Src/stm32f4xx_hal_dma.o
 .ARM.attributes
                0x0000027f       0x34 ./Drivers/STM32F4xx_HAL_Driver/Src/stm32f4xx_hal_gpio.o
 .ARM.attributes
                0x000002b3       0x34 ./Drivers/STM32F4xx_HAL_Driver/Src/stm32f4xx_hal_i2c.o
 .ARM.attributes
                0x000002e7       0x34 ./Drivers/STM32F4xx_HAL_Driver/Src/stm32f4xx_hal_iwdg.o
 .ARM.attributes