../Core/Src/main.c:259:6:SendFeedBack	16	static
../Core/Src/main.c:273:6:HAL_GPIO_EXTI_Callback	16	static
../Core/Src/main.c:286:6:HAL_TIM_IC_CaptureCallback	40	static,ignoring_inline_asm
../Core/Src/main.c:334:6:delay	16	static
../Core/Src/main.c:339:6:HCSR04_Read	8	static
../Core/Src/main.c:349:6:readByte	24	static
../Core/Src/main.c:355:6:writeByte	24	static
../Core/Src/main.c:361:6:gyroStart	8	static
../Core/Src/main.c:368:6:gyroInit	8	static
../Core/Src/main.c:396:6:StartPMWVal	8	static
../Core/Src/main.c:403:6:SetPinReverse	8	static
../Core/Src/main.c:410:6:SetPinForward	8	static
../Core/Src/main.c:417:6:SetMotorAForward	8	static
../Core/Src/main.c:421:6:SetMotorAReverse	8	static
../Core/Src/main.c:426:6:SetMotorAStop	8	static
../Core/Src/main.c:431:6:SetMotorBForward	8	static
../Core/Src/main.c:435:6:SetMotorBReverse	8	static
../Core/Src/main.c:439:6:SetMotorBStop	8	static
../Core/Src/main.c:444:6:SetPinStop	8	static
../Core/Src/main.c:451:6:TurnFullLeft	4	static
../Core/Src/main.c:455:6:TurnFullRight	4	static
../Core/Src/main.c:460:6:TurnStraighten	4	static
../Core/Src/main.c:465:6:ResetValues	4	static
../Core/Src/main.c:482:6:ResetFT	4	static
../Core/Src/main.c:489:6:ResetBT	4	static
../Core/Src/main.c:495:5:CalculateDist	24	static
../Core/Src/main.c:502:5:CalcPIDA_Dist	48	static
../Core/Src/main.c:547:5:CalcPIDB_Dist	48	static
../Core/Src/main.c:603:5:ServoCorrection	16	static
../Core/Src/main.c:625:5:ServoCorrectionTurn	24	static
../Core/Src/main.c:649:5:main	8	static
../Core/Src/main.c:789:6:SystemClock_Config	88	static
../Core/Src/main.c:832:13:MX_ADC2_Init	24	static
../Core/Src/main.c:884:13:MX_ADC3_Init	24	static
../Core/Src/main.c:936:13:MX_I2C1_Init	8	static
../Core/Src/main.c:970:13:MX_IWDG_Init	8	static
../Core/Src/main.c:998:13:MX_TIM1_Init	96	static
../Core/Src/main.c:1072:13:MX_TIM2_Init	56	static
../Core/Src/main.c:1121:13:MX_TIM4_Init	48	static
../Core/Src/main.c:1179:13:MX_TIM5_Init	56	static
../Core/Src/main.c:1228:13:MX_TIM8_Init	96	static
../Core/Src/main.c:1310:13:MX_USART3_UART_Init	8	static
../Core/Src/main.c:1343:13:MX_GPIO_Init	48	static
../Core/Src/main.c:1421:6:OLED_ShowNum	32	static
../Core/Src/main.c:1429:6:HAL_UART_RxCpltCallback	16	static
../Core/Src/main.c:1501:6:StartDefaultTask	16	static
../Core/Src/main.c:1549:6:DCMotor_task	40	static
../Core/Src/main.c:2130:6:RefreshOLED_task	16	static
../Core/Src/main.c:2159:6:EncoderMotorA_task	40	static
../Core/Src/main.c:2217:6:EncoderMotorB_task	32	static
../Core/Src/main.c:2263:6:UART_Command_RX_task	16	static
../Core/Src/main.c:2540:6:Gyro	40	static
../Core/Src/main.c:2584:6:IRsensor	16	static
../Core/Src/main.c:2625:6:Testing	24	static
../Core/Src/main.c:2850:6:task2	24	static
../Core/Src/main.c:2940:6:Error_Handler	4	static,ignoring_inline_asm
