../Core/Src/oled.c:6:6:OLED_Refresh_Gram	16	static
../Core/Src/oled.c:18:6:OLED_WR_Byte	24	static
../Core/Src/oled.c:41:6:OLED_Clear	16	static
../Core/Src/oled.c:51:6:OLED_Display_On	8	static
../Core/Src/oled.c:60:6:OLED_Display_Off	8	static
../Core/Src/oled.c:70:6:OLED_DrawPoint	24	static
../Core/Src/oled.c:83:6:OLED_ShowChar	32	static
../Core/Src/oled.c:108:10:oled_pow	24	static
../Core/Src/oled.c:118:6:OLED_ShowNumber	40	static
../Core/Src/oled.c:140:6:OLED_ShowString	24	static
../Core/Src/oled.c:154:6:OLED_Init	8	static
